<html>
<body>
<pre>
<h1>礦ision Build Log</h1>
<h2>Tool Versions:</h2>
IDE-Version: μVision V5.14.0.0
Copyright (C) 2015 ARM Ltd and ARM Germany GmbH. All rights reserved.
License Information: 2 2, 2, LIC=ATTQ1-CPZLJ-01SP1-CDQHY-AUNXF-A24IP
 
Tool Versions:
Toolchain:       MDK-ARM Standard  Version: 5.14.0.0
Toolchain Path:  C:\Keil_v5\ARM\ARMCC\Bin
C Compiler:      Armcc.exe V5.05 update 1 (build 106)
Assembler:       Armasm.exe V5.05 update 1 (build 106)
Linker/Locator:  ArmLink.exe V5.05 update 1 (build 106)
Library Manager: ArmAr.exe V5.05 update 1 (build 106)
Hex Converter:   FromElf.exe V5.05 update 1 (build 106)
CPU DLL:         SARMCM3.DLL V5.14.0.0
Dialog DLL:      DCM.DLL V1.13.1.0
Target DLL:      UL2CM3.DLL V1.155.0.0
Dialog DLL:      TCM.DLL V1.14.4.0
 
<h2>Project:</h2>
E:\项目\多功能程序烧录器\5. 源码\work\project\多功能程序烧录器3\下位机\目标机\testapp\testapp.uvprojx
Project File Date:  03/24/2024

<h2>Output:</h2>
Build target 'Target 1'
compiling main.c...
main.c(48): warning:  #177-D: variable "last" was declared but never referenced
    uint32_t last, now, source;
main.c(48): warning:  #177-D: variable "now" was declared but never referenced
    uint32_t last, now, source;
main.c(48): warning:  #177-D: variable "source" was declared but never referenced
    uint32_t last, now, source;
main.c(13): warning:  #177-D: function "iwdg_init" was declared but never referenced
  static void iwdg_init(void)
main.c(21): warning:  #177-D: function "reset_check" was declared but never referenced
  static void reset_check(void)
main.c: 5 warnings, 0 errors
linking...
Program Size: Code=7176 RO-data=392 RW-data=24 ZI-data=1704  
FromELF: creating hex file...
After Build - User command #1: fromelf.exe --bincombined ".\Objects\testapp.axf" --output "..\..\output\目标机\testapp.bin"
After Build - User command #2: cmd.exe /C copy /Y .\Objects\testapp.hex ..\..\output\目标机\testapp.hex
已复制         1 个文件。
".\Objects\testapp.axf" - 0 Error(s), 5 Warning(s).

<h2>Collection of Component include folders:</h2>
  E:\项目\多功能程序烧录器\5. 源码\work\project\多功能程序烧录器3\下位机\目标机\testapp\RTE
  C:\Keil_v5\ARM\PACK\Keil\STM32F1xx_DFP\1.0.5\Device\Include

<h2>Collection of Component Files used:</h2>
</pre>
</body>
</html>
