Component: ARM Compiler 5.05 update 1 (build 106) Tool: armlink [4d0efa]

==============================================================================

Section Cross References

    main.o(i.DMA2_Channel3_IRQHandler) refers to stm32f1xx_hal_dma.o(i.HAL_DMA_IRQHandler) for HAL_DMA_IRQHandler
    main.o(i.DMA2_Channel3_IRQHandler) refers to main.o(.bss) for .bss
    main.o(i.DMA2_Channel4_5_IRQHandler) refers to stm32f1xx_hal_dma.o(i.HAL_DMA_IRQHandler) for HAL_DMA_IRQHandler
    main.o(i.DMA2_Channel4_5_IRQHandler) refers to main.o(.bss) for .bss
    main.o(i.HAL_UART_ErrorCallback) refers to _printf_percent.o(.ARM.Collect$$_printf_percent$$00000000) for _printf_percent
    main.o(i.HAL_UART_ErrorCallback) refers to _printf_x.o(.ARM.Collect$$_printf_percent$$0000000C) for _printf_x
    main.o(i.HAL_UART_ErrorCallback) refers to _printf_hex_int.o(.text) for _printf_longlong_hex
    main.o(i.HAL_UART_ErrorCallback) refers to noretval__2printf.o(.text) for __2printf
    main.o(i.HAL_UART_RxCpltCallback) refers to main.o(i.calc_crc8) for calc_crc8
    main.o(i.HAL_UART_RxCpltCallback) refers to noretval__2printf.o(.text) for __2printf
    main.o(i.HAL_UART_RxCpltCallback) refers to main.o(i.dfu_start_transfer) for dfu_start_transfer
    main.o(i.HAL_UART_RxCpltCallback) refers to main.o(.bss) for .bss
    main.o(i.HAL_UART_RxCpltCallback) refers to main.o(.data) for .data
    main.o(i.HAL_UART_TxCpltCallback) refers to main.o(i.dfu_start_transfer) for dfu_start_transfer
    main.o(i.UART4_IRQHandler) refers to stm32f1xx_hal_uart.o(i.HAL_UART_IRQHandler) for HAL_UART_IRQHandler
    main.o(i.UART4_IRQHandler) refers to common.o(.bss) for huart4
    main.o(i.dfu_dma_init) refers to stm32f1xx_hal_dma.o(i.HAL_DMA_Init) for HAL_DMA_Init
    main.o(i.dfu_dma_init) refers to main.o(.bss) for .bss
    main.o(i.dfu_dma_init) refers to common.o(.bss) for huart4
    main.o(i.dfu_process) refers to _printf_percent.o(.ARM.Collect$$_printf_percent$$00000000) for _printf_percent
    main.o(i.dfu_process) refers to _printf_d.o(.ARM.Collect$$_printf_percent$$00000009) for _printf_d
    main.o(i.dfu_process) refers to _printf_dec.o(.text) for _printf_int_dec
    main.o(i.dfu_process) refers to _printf_x.o(.ARM.Collect$$_printf_percent$$0000000C) for _printf_x
    main.o(i.dfu_process) refers to _printf_hex_int.o(.text) for _printf_longlong_hex
    main.o(i.dfu_process) refers to aeabi_memset.o(.text) for __aeabi_memset
    main.o(i.dfu_process) refers to stm32f1xx_hal_uart.o(i.HAL_UART_Transmit) for HAL_UART_Transmit
    main.o(i.dfu_process) refers to noretval__2printf.o(.text) for __2printf
    main.o(i.dfu_process) refers to stm32f1xx_hal_iwdg.o(i.HAL_IWDG_Refresh) for HAL_IWDG_Refresh
    main.o(i.dfu_process) refers to rt_memclr_w.o(.text) for __aeabi_memclr4
    main.o(i.dfu_process) refers to stm32f1xx_hal_uart.o(i.HAL_UART_Receive) for HAL_UART_Receive
    main.o(i.dfu_process) refers to rt_memcpy_v6.o(.text) for __aeabi_memcpy
    main.o(i.dfu_process) refers to main.o(i.calc_crc8) for calc_crc8
    main.o(i.dfu_process) refers to main.o(i.dfu_process_firmware_download) for dfu_process_firmware_download
    main.o(i.dfu_process) refers to main.o(i.dfu_process_crc_config) for dfu_process_crc_config
    main.o(i.dfu_process) refers to common.o(.bss) for huart4
    main.o(i.dfu_process) refers to main.o(.bss) for .bss
    main.o(i.dfu_process_crc_config) refers to stm32f1xx_hal_flash.o(i.HAL_FLASH_Unlock) for HAL_FLASH_Unlock
    main.o(i.dfu_process_crc_config) refers to stm32f1xx_hal_flash_ex.o(i.HAL_FLASHEx_Erase) for HAL_FLASHEx_Erase
    main.o(i.dfu_process_crc_config) refers to stm32f1xx_hal_flash.o(i.HAL_FLASH_Program) for HAL_FLASH_Program
    main.o(i.dfu_process_crc_config) refers to stm32f1xx_hal_flash.o(i.HAL_FLASH_Lock) for HAL_FLASH_Lock
    main.o(i.dfu_process_crc_config) refers to memcmp.o(.text) for memcmp
    main.o(i.dfu_process_crc_config) refers to main.o(i.calc_crc8) for calc_crc8
    main.o(i.dfu_process_crc_config) refers to stm32f1xx_hal_uart.o(i.HAL_UART_Transmit) for HAL_UART_Transmit
    main.o(i.dfu_process_crc_config) refers to main.o(.bss) for .bss
    main.o(i.dfu_process_crc_config) refers to common.o(.bss) for huart4
    main.o(i.dfu_process_firmware_download) refers to _printf_percent.o(.ARM.Collect$$_printf_percent$$00000000) for _printf_percent
    main.o(i.dfu_process_firmware_download) refers to _printf_u.o(.ARM.Collect$$_printf_percent$$0000000A) for _printf_u
    main.o(i.dfu_process_firmware_download) refers to _printf_dec.o(.text) for _printf_int_dec
    main.o(i.dfu_process_firmware_download) refers to _printf_pad.o(.text) for _printf_pre_padding
    main.o(i.dfu_process_firmware_download) refers to _printf_x.o(.ARM.Collect$$_printf_percent$$0000000C) for _printf_x
    main.o(i.dfu_process_firmware_download) refers to _printf_hex_int.o(.text) for _printf_longlong_hex
[...]
    Removing system_stm32f1xx.o(.rev16_text), (4 bytes).
    Removing system_stm32f1xx.o(.revsh_text), (4 bytes).
    Removing system_stm32f1xx.o(.rrx_text), (6 bytes).

643 unused section(s) (total 87130 bytes) removed from the image.

==============================================================================

Image Symbol Table

    Local Symbols

    Symbol Name                              Value     Ov Type        Size  Object(Section)

    ../clib/angel/boardlib.s                 0x00000000   Number         0  boardinit1.o ABSOLUTE
    ../clib/angel/boardlib.s                 0x00000000   Number         0  boardinit2.o ABSOLUTE
    ../clib/angel/boardlib.s                 0x00000000   Number         0  boardinit3.o ABSOLUTE
    ../clib/angel/boardlib.s                 0x00000000   Number         0  boardshut.o ABSOLUTE
    ../clib/angel/handlers.s                 0x00000000   Number         0  __scatter_zi.o ABSOLUTE
    ../clib/angel/handlers.s                 0x00000000   Number         0  __scatter_copy.o ABSOLUTE
    ../clib/angel/kernel.s                   0x00000000   Number         0  __rtentry2.o ABSOLUTE
    ../clib/angel/kernel.s                   0x00000000   Number         0  __rtentry4.o ABSOLUTE
    ../clib/angel/kernel.s                   0x00000000   Number         0  rtexit.o ABSOLUTE
    ../clib/angel/kernel.s                   0x00000000   Number         0  rtexit2.o ABSOLUTE
    ../clib/angel/kernel.s                   0x00000000   Number         0  __rtentry.o ABSOLUTE
    ../clib/angel/rt.s                       0x00000000   Number         0  rt_raise.o ABSOLUTE
    ../clib/angel/scatter.s                  0x00000000   Number         0  __scatter.o ABSOLUTE
    ../clib/angel/startup.s                  0x00000000   Number         0  __main.o ABSOLUTE
    ../clib/angel/sys.s                      0x00000000   Number         0  use_no_semi.o ABSOLUTE
    ../clib/angel/sys.s                      0x00000000   Number         0  indicate_semi.o ABSOLUTE
    ../clib/angel/sys.s                      0x00000000   Number         0  sys_stackheap_outer.o ABSOLUTE
    ../clib/angel/sys.s                      0x00000000   Number         0  libspace.o ABSOLUTE
    ../clib/angel/sys.s                      0x00000000   Number         0  use_no_semi_2.o ABSOLUTE
    ../clib/angel/sysapp.c                   0x00000000   Number         0  sys_command.o ABSOLUTE
    ../clib/armsys.c                         0x00000000   Number         0  no_argv.o ABSOLUTE
    ../clib/armsys.c                         0x00000000   Number         0  argv_veneer.o ABSOLUTE
    ../clib/armsys.c                         0x00000000   Number         0  argv_veneer.o ABSOLUTE
    ../clib/armsys.c                         0x00000000   Number         0  _get_argv_nomalloc.o ABSOLUTE
    ../clib/heapalloc.c                      0x00000000   Number         0  hrguard.o ABSOLUTE
    ../clib/heapaux.c                        0x00000000   Number         0  heapauxi.o ABSOLUTE
    ../clib/libinit.s                        0x00000000   Number         0  libinit2.o ABSOLUTE
    ../clib/libinit.s                        0x00000000   Number         0  libshutdown.o ABSOLUTE
    ../clib/libinit.s                        0x00000000   Number         0  libinit.o ABSOLUTE
    ../clib/libinit.s                        0x00000000   Number         0  libshutdown2.o ABSOLUTE
    ../clib/longlong.s                       0x00000000   Number         0  llushr.o ABSOLUTE
    ../clib/memcpset.s                       0x00000000   Number         0  rt_memcpy_w.o ABSOLUTE
    ../clib/memcpset.s                       0x00000000   Number         0  rt_memclr_w.o ABSOLUTE
    ../clib/memcpset.s                       0x00000000   Number         0  aeabi_memset.o ABSOLUTE
    ../clib/memcpset.s                       0x00000000   Number         0  rt_memcpy_v6.o ABSOLUTE
    ../clib/memcpset.s                       0x00000000   Number         0  rt_memclr.o ABSOLUTE
    ../clib/misc.s                           0x00000000   Number         0  printf_stubs.o ABSOLUTE
    ../clib/printf.c                         0x00000000   Number         0  __printf_flags_ss.o ABSOLUTE
    ../clib/printf.c                         0x00000000   Number         0  _printf_intcommon.o ABSOLUTE
    ../clib/printf.c                         0x00000000   Number         0  _printf_char_file.o ABSOLUTE
    ../clib/printf.c                         0x00000000   Number         0  _printf_char_common.o ABSOLUTE
    ../clib/printf.c                         0x00000000   Number         0  __printf_ss_wp.o ABSOLUTE
    ../clib/printf.c                         0x00000000   Number         0  __printf_flags_wp.o ABSOLUTE
    ../clib/printf.c                         0x00000000   Number         0  __printf_wp.o ABSOLUTE
    ../clib/printf.c                         0x00000000   Number         0  __printf_ss.o ABSOLUTE
    ../clib/printf.c                         0x00000000   Number         0  __printf_flags.o ABSOLUTE
    ../clib/printf.c                         0x00000000   Number         0  _printf_hex_int_ll_ptr.o ABSOLUTE
    ../clib/printf.c                         0x00000000   Number         0  _printf_hex_ll_ptr.o ABSOLUTE
    ../clib/printf.c                         0x00000000   Number         0  _printf_hex_int_ptr.o ABSOLUTE
    ../clib/printf.c                         0x00000000   Number         0  _printf_hex_ptr.o ABSOLUTE
    ../clib/printf.c                         0x00000000   Number         0  _printf_hex_int_ll.o ABSOLUTE
    ../clib/printf.c                         0x00000000   Number         0  _printf_hex_int.o ABSOLUTE
    ../clib/printf.c                         0x00000000   Number         0  _printf_hex_ll.o ABSOLUTE
    ../clib/printf.c                         0x00000000   Number         0  _printf_dec.o ABSOLUTE
    ../clib/printf.c                         0x00000000   Number         0  _printf_str.o ABSOLUTE
    ../clib/printf.c                         0x00000000   Number         0  _printf_pad.o ABSOLUTE
    ../clib/printf.c                         0x00000000   Number         0  __printf.o ABSOLUTE
    ../clib/printf.c                         0x00000000   Number         0  noretval__2printf.o ABSOLUTE
    ../clib/printf.c                         0x00000000   Number         0  __2printf.o ABSOLUTE
    ../clib/printf.c                         0x00000000   Number         0  __printf_flags_ss_wp.o ABSOLUTE
    ../clib/printf.c                         0x00000000   Number         0  _printf_char.o ABSOLUTE
    ../clib/printf.c                         0x00000000   Number         0  __printf_nopercent.o ABSOLUTE
    ../clib/printf_percent.s                 0x00000000   Number         0  _printf_percent.o ABSOLUTE
    ../clib/printf_percent.s                 0x00000000   Number         0  _printf_u.o ABSOLUTE
    ../clib/printf_percent.s                 0x00000000   Number         0  _printf_percent_end.o ABSOLUTE
    ../clib/printf_percent.s                 0x00000000   Number         0  _printf_x.o ABSOLUTE
    ../clib/printf_percent.s                 0x00000000   Number         0  _printf_d.o ABSOLUTE
    ../clib/printf_percent.s                 0x00000000   Number         0  _printf_s.o ABSOLUTE
    ../clib/signal.c                         0x00000000   Number         0  defsig_rtred_inner.o ABSOLUTE
    ../clib/signal.c                         0x00000000   Number         0  defsig_rtmem_formal.o ABSOLUTE
    ../clib/signal.c                         0x00000000   Number         0  defsig_stak_inner.o ABSOLUTE
    ../clib/signal.c                         0x00000000   Number         0  defsig_pvfn_inner.o ABSOLUTE
    ../clib/signal.c                         0x00000000   Number         0  defsig_rtmem_inner.o ABSOLUTE
    ../clib/signal.c                         0x00000000   Number         0  __raise.o ABSOLUTE
    ../clib/signal.c                         0x00000000   Number         0  defsig_general.o ABSOLUTE
    ../clib/signal.c                         0x00000000   Number         0  defsig_rtmem_outer.o ABSOLUTE
    ../clib/signal.c                         0x00000000   Number         0  defsig_abrt_inner.o ABSOLUTE
    ../clib/signal.c                         0x00000000   Number         0  defsig_fpe_inner.o ABSOLUTE
    ../clib/signal.c                         0x00000000   Number         0  defsig_other.o ABSOLUTE
    ../clib/signal.c                         0x00000000   Number         0  defsig_segv_inner.o ABSOLUTE
    ../clib/signal.c                         0x00000000   Number         0  defsig_cppl_inner.o ABSOLUTE
    ../clib/signal.c                         0x00000000   Number         0  defsig_exit.o ABSOLUTE
    ../clib/signal.s                         0x00000000   Number         0  defsig.o ABSOLUTE
    ../clib/stdio.c                          0x00000000   Number         0  ferror_locked.o ABSOLUTE
    ../clib/stdio.c                          0x00000000   Number         0  ferror.o ABSOLUTE
    ../clib/stdlib.c                         0x00000000   Number         0  exit.o ABSOLUTE
    ../clib/string.c                         0x00000000   Number         0  memcmp.o ABSOLUTE
    ../fplib/fpinit.s                        0x00000000   Number         0  fpinit.o ABSOLUTE
    STM32F1xx_HAL_Driver\Src\stm32f1xx_hal.c 0x00000000   Number         0  stm32f1xx_hal.o ABSOLUTE
    STM32F1xx_HAL_Driver\Src\stm32f1xx_hal_adc.c 0x00000000   Number         0  stm32f1xx_hal_adc.o ABSOLUTE
    STM32F1xx_HAL_Driver\Src\stm32f1xx_hal_adc_ex.c 0x00000000   Number         0  stm32f1xx_hal_adc_ex.o ABSOLUTE
    STM32F1xx_HAL_Driver\Src\stm32f1xx_hal_cortex.c 0x00000000   Number         0  stm32f1xx_hal_cortex.o ABSOLUTE
    STM32F1xx_HAL_Driver\Src\stm32f1xx_hal_crc.c 0x00000000   Number         0  stm32f1xx_hal_crc.o ABSOLUTE
    STM32F1xx_HAL_Driver\Src\stm32f1xx_hal_dma.c 0x00000000   Number         0  stm32f1xx_hal_dma.o ABSOLUTE
    STM32F1xx_HAL_Driver\Src\stm32f1xx_hal_exti.c 0x00000000   Number         0  stm32f1xx_hal_exti.o ABSOLUTE
    STM32F1xx_HAL_Driver\Src\stm32f1xx_hal_flash.c 0x00000000   Number         0  stm32f1xx_hal_flash.o ABSOLUTE
    STM32F1xx_HAL_Driver\Src\stm32f1xx_hal_flash_ex.c 0x00000000   Number         0  stm32f1xx_hal_flash_ex.o ABSOLUTE
    STM32F1xx_HAL_Driver\Src\stm32f1xx_hal_gpio.c 0x00000000   Number         0  stm32f1xx_hal_gpio.o ABSOLUTE
    STM32F1xx_HAL_Driver\Src\stm32f1xx_hal_gpio_ex.c 0x00000000   Number         0  stm32f1xx_hal_gpio_ex.o ABSOLUTE
    STM32F1xx_HAL_Driver\Src\stm32f1xx_hal_i2c.c 0x00000000   Number         0  stm32f1xx_hal_i2c.o ABSOLUTE
    STM32F1xx_HAL_Driver\Src\stm32f1xx_hal_iwdg.c 0x00000000   Number         0  stm32f1xx_hal_iwdg.o ABSOLUTE
    STM32F1xx_HAL_Driver\Src\stm32f1xx_hal_pwr.c 0x00000000   Number         0  stm32f1xx_hal_pwr.o ABSOLUTE
    STM32F1xx_HAL_Driver\Src\stm32f1xx_hal_rcc.c 0x00000000   Number         0  stm32f1xx_hal_rcc.o ABSOLUTE
    STM32F1xx_HAL_Driver\Src\stm32f1xx_hal_rcc_ex.c 0x00000000   Number         0  stm32f1xx_hal_rcc_ex.o ABSOLUTE
    STM32F1xx_HAL_Driver\Src\stm32f1xx_hal_rtc.c 0x00000000   Number         0  stm32f1xx_hal_rtc.o ABSOLUTE
    STM32F1xx_HAL_Driver\Src\stm32f1xx_hal_rtc_ex.c 0x00000000   Number         0  stm32f1xx_hal_rtc_ex.o ABSOLUTE
    STM32F1xx_HAL_Driver\Src\stm32f1xx_hal_spi.c 0x00000000   Number         0  stm32f1xx_hal_spi.o ABSOLUTE
    STM32F1xx_HAL_Driver\Src\stm32f1xx_hal_tim.c 0x00000000   Number         0  stm32f1xx_hal_tim.o ABSOLUTE
    STM32F1xx_HAL_Driver\Src\stm32f1xx_hal_tim_ex.c 0x00000000   Number         0  stm32f1xx_hal_tim_ex.o ABSOLUTE
    STM32F1xx_HAL_Driver\Src\stm32f1xx_hal_uart.c 0x00000000   Number         0  stm32f1xx_hal_uart.o ABSOLUTE
    STM32F1xx_HAL_Driver\Src\stm32f1xx_hal_usart.c 0x00000000   Number         0  stm32f1xx_hal_usart.o ABSOLUTE
    STM32F1xx_HAL_Driver\\Src\\stm32f1xx_hal.c 0x00000000   Number         0  stm32f1xx_hal.o ABSOLUTE
    STM32F1xx_HAL_Driver\\Src\\stm32f1xx_hal_adc.c 0x00000000   Number         0  stm32f1xx_hal_adc.o ABSOLUTE
    STM32F1xx_HAL_Driver\\Src\\stm32f1xx_hal_adc_ex.c 0x00000000   Number         0  stm32f1xx_hal_adc_ex.o ABSOLUTE
    STM32F1xx_HAL_Driver\\Src\\stm32f1xx_hal_cortex.c 0x00000000   Number         0  stm32f1xx_hal_cortex.o ABSOLUTE
    STM32F1xx_HAL_Driver\\Src\\stm32f1xx_hal_crc.c 0x00000000   Number         0  stm32f1xx_hal_crc.o ABSOLUTE
    STM32F1xx_HAL_Driver\\Src\\stm32f1xx_hal_dma.c 0x00000000   Number         0  stm32f1xx_hal_dma.o ABSOLUTE
    STM32F1xx_HAL_Driver\\Src\\stm32f1xx_hal_exti.c 0x00000000   Number         0  stm32f1xx_hal_exti.o ABSOLUTE
    STM32F1xx_HAL_Driver\\Src\\stm32f1xx_hal_flash.c 0x00000000   Number         0  stm32f1xx_hal_flash.o ABSOLUTE
    STM32F1xx_HAL_Driver\\Src\\stm32f1xx_hal_flash_ex.c 0x00000000   Number         0  stm32f1xx_hal_flash_ex.o ABSOLUTE
    STM32F1xx_HAL_Driver\\Src\\stm32f1xx_hal_gpio.c 0x00000000   Number         0  stm32f1xx_hal_gpio.o ABSOLUTE
    STM32F1xx_HAL_Driver\\Src\\stm32f1xx_hal_gpio_ex.c 0x00000000   Number         0  stm32f1xx_hal_gpio_ex.o ABSOLUTE
    STM32F1xx_HAL_Driver\\Src\\stm32f1xx_hal_i2c.c 0x00000000   Number         0  stm32f1xx_hal_i2c.o ABSOLUTE
    STM32F1xx_HAL_Driver\\Src\\stm32f1xx_hal_iwdg.c 0x00000000   Number         0  stm32f1xx_hal_iwdg.o ABSOLUTE
    STM32F1xx_HAL_Driver\\Src\\stm32f1xx_hal_pwr.c 0x00000000   Number         0  stm32f1xx_hal_pwr.o ABSOLUTE
    STM32F1xx_HAL_Driver\\Src\\stm32f1xx_hal_rcc.c 0x00000000   Number         0  stm32f1xx_hal_rcc.o ABSOLUTE
    STM32F1xx_HAL_Driver\\Src\\stm32f1xx_hal_rcc_ex.c 0x00000000   Number         0  stm32f1xx_hal_rcc_ex.o ABSOLUTE
    STM32F1xx_HAL_Driver\\Src\\stm32f1xx_hal_rtc.c 0x00000000   Number         0  stm32f1xx_hal_rtc.o ABSOLUTE
    STM32F1xx_HAL_Driver\\Src\\stm32f1xx_hal_rtc_ex.c 0x00000000   Number         0  stm32f1xx_hal_rtc_ex.o ABSOLUTE
    STM32F1xx_HAL_Driver\\Src\\stm32f1xx_hal_spi.c 0x00000000   Number         0  stm32f1xx_hal_spi.o ABSOLUTE
    STM32F1xx_HAL_Driver\\Src\\stm32f1xx_hal_tim.c 0x00000000   Number         0  stm32f1xx_hal_tim.o ABSOLUTE
    STM32F1xx_HAL_Driver\\Src\\stm32f1xx_hal_tim_ex.c 0x00000000   Number         0  stm32f1xx_hal_tim_ex.o ABSOLUTE
    STM32F1xx_HAL_Driver\\Src\\stm32f1xx_hal_uart.c 0x00000000   Number         0  stm32f1xx_hal_uart.o ABSOLUTE
    STM32F1xx_HAL_Driver\\Src\\stm32f1xx_hal_usart.c 0x00000000   Number         0  stm32f1xx_hal_usart.o ABSOLUTE
    STM32F1xx_HAL_Driver\\system_stm32f1xx.c 0x00000000   Number         0  system_stm32f1xx.o ABSOLUTE
    STM32F1xx_HAL_Driver\startup_stm32f103xe.s 0x00000000   Number         0  startup_stm32f103xe.o ABSOLUTE
    STM32F1xx_HAL_Driver\system_stm32f1xx.c  0x00000000   Number         0  system_stm32f1xx.o ABSOLUTE
    common.c                                 0x00000000   Number         0  common.o ABSOLUTE
    common.c                                 0x00000000   Number         0  common.o ABSOLUTE
    dc.s                                     0x00000000   Number         0  dc.o ABSOLUTE
    main.c                                   0x00000000   Number         0  main.o ABSOLUTE
    main.c                                   0x00000000   Number         0  main.o ABSOLUTE
    RESET                                    0x08000000   Section      304  startup_stm32f103xe.o(RESET)
    !!!main                                  0x08000130   Section        8  __main.o(!!!main)
    !!!scatter                               0x08000138   Section       52  __scatter.o(!!!scatter)
    !!handler_copy                           0x0800016c   Section       26  __scatter_copy.o(!!handler_copy)
    !!handler_zi                             0x08000188   Section       28  __scatter_zi.o(!!handler_zi)
    .ARM.Collect$$_printf_percent$$00000000  0x080001a4   Section        0  _printf_percent.o(.ARM.Collect$$_printf_percent$$00000000)
    .ARM.Collect$$_printf_percent$$00000009  0x080001a4   Section        6  _printf_d.o(.ARM.Collect$$_printf_percent$$00000009)
    .ARM.Collect$$_printf_percent$$0000000A  0x080001aa   Section        6  _printf_u.o(.ARM.Collect$$_printf_percent$$0000000A)
    .ARM.Collect$$_printf_percent$$0000000C  0x080001b0   Section        6  _printf_x.o(.ARM.Collect$$_printf_percent$$0000000C)
    .ARM.Collect$$_printf_percent$$00000014  0x080001b6   Section        6  _printf_s.o(.ARM.Collect$$_printf_percent$$00000014)
    .ARM.Collect$$_printf_percent$$00000017  0x080001bc   Section        4  _printf_percent_end.o(.ARM.Collect$$_printf_percent$$00000017)
    .ARM.Collect$$libinit$$00000000          0x080001c0   Section        2  libinit.o(.ARM.Collect$$libinit$$00000000)
    .ARM.Collect$$libinit$$00000002          0x080001c2   Section        0  libinit2.o(.ARM.Collect$$libinit$$00000002)
    .ARM.Collect$$libinit$$00000004          0x080001c2   Section        0  libinit2.o(.ARM.Collect$$libinit$$00000004)
    .ARM.Collect$$libinit$$0000000A          0x080001c2   Section        0  libinit2.o(.ARM.Collect$$libinit$$0000000A)
    .ARM.Collect$$libinit$$0000000C          0x080001c2   Section        0  libinit2.o(.ARM.Collect$$libinit$$0000000C)
    .ARM.Collect$$libinit$$0000000E          0x080001c2   Section        0  libinit2.o(.ARM.Collect$$libinit$$0000000E)
    .ARM.Collect$$libinit$$00000011          0x080001c2   Section        0  libinit2.o(.ARM.Collect$$libinit$$00000011)
    .ARM.Collect$$libinit$$00000013          0x080001c2   Section        0  libinit2.o(.ARM.Collect$$libinit$$00000013)
    .ARM.Collect$$libinit$$00000015          0x080001c2   Section        0  libinit2.o(.ARM.Collect$$libinit$$00000015)
    .ARM.Collect$$libinit$$00000017          0x080001c2   Section        0  libinit2.o(.ARM.Collect$$libinit$$00000017)
    .ARM.Collect$$libinit$$00000019          0x080001c2   Section        0  libinit2.o(.ARM.Collect$$libinit$$00000019)
    .ARM.Collect$$libinit$$0000001B          0x080001c2   Section        0  libinit2.o(.ARM.Collect$$libinit$$0000001B)
    .ARM.Collect$$libinit$$0000001D          0x080001c2   Section        0  libinit2.o(.ARM.Collect$$libinit$$0000001D)
    .ARM.Collect$$libinit$$0000001F          0x080001c2   Section        0  libinit2.o(.ARM.Collect$$libinit$$0000001F)
    .ARM.Collect$$libinit$$00000021          0x080001c2   Section        0  libinit2.o(.ARM.Collect$$libinit$$00000021)
    .ARM.Collect$$libinit$$00000023          0x080001c2   Section        0  libinit2.o(.ARM.Collect$$libinit$$00000023)
    .ARM.Collect$$libinit$$00000025          0x080001c2   Section        0  libinit2.o(.ARM.Collect$$libinit$$00000025)
    .ARM.Collect$$libinit$$0000002C          0x080001c2   Section        0  libinit2.o(.ARM.Collect$$libinit$$0000002C)
    .ARM.Collect$$libinit$$0000002E          0x080001c2   Section        0  libinit2.o(.ARM.Collect$$libinit$$0000002E)
    .ARM.Collect$$libinit$$00000030          0x080001c2   Section        0  libinit2.o(.ARM.Collect$$libinit$$00000030)
    .ARM.Collect$$libinit$$00000032          0x080001c2   Section        0  libinit2.o(.ARM.Collect$$libinit$$00000032)
    .ARM.Collect$$libinit$$00000033          0x080001c2   Section        2  libinit2.o(.ARM.Collect$$libinit$$00000033)
    .ARM.Collect$$libshutdown$$00000000      0x080001c4   Section        2  libshutdown.o(.ARM.Collect$$libshutdown$$00000000)
    .ARM.Collect$$libshutdown$$00000003      0x080001c6   Section        0  libshutdown2.o(.ARM.Collect$$libshutdown$$00000003)
    .ARM.Collect$$libshutdown$$00000006      0x080001c6   Section        0  libshutdown2.o(.ARM.Collect$$libshutdown$$00000006)
    .ARM.Collect$$libshutdown$$00000009      0x080001c6   Section        0  libshutdown2.o(.ARM.Collect$$libshutdown$$00000009)
    .ARM.Collect$$libshutdown$$0000000B      0x080001c6   Section        0  libshutdown2.o(.ARM.Collect$$libshutdown$$0000000B)
    .ARM.Collect$$libshutdown$$0000000E      0x080001c6   Section        0  libshutdown2.o(.ARM.Collect$$libshutdown$$0000000E)
    .ARM.Collect$$libshutdown$$0000000F      0x080001c6   Section        2  libshutdown2.o(.ARM.Collect$$libshutdown$$0000000F)
    .ARM.Collect$$rtentry$$00000000          0x080001c8   Section        0  __rtentry.o(.ARM.Collect$$rtentry$$00000000)
    .ARM.Collect$$rtentry$$00000002          0x080001c8   Section        0  __rtentry2.o(.ARM.Collect$$rtentry$$00000002)
    .ARM.Collect$$rtentry$$00000004          0x080001c8   Section        6  __rtentry4.o(.ARM.Collect$$rtentry$$00000004)
    .ARM.Collect$$rtentry$$00000009          0x080001ce   Section        0  __rtentry2.o(.ARM.Collect$$rtentry$$00000009)
    .ARM.Collect$$rtentry$$0000000A          0x080001ce   Section        4  __rtentry2.o(.ARM.Collect$$rtentry$$0000000A)
    .ARM.Collect$$rtentry$$0000000C          0x080001d2   Section        0  __rtentry2.o(.ARM.Collect$$rtentry$$0000000C)
    .ARM.Collect$$rtentry$$0000000D          0x080001d2   Section        8  __rtentry2.o(.ARM.Collect$$rtentry$$0000000D)
    .ARM.Collect$$rtexit$$00000000           0x080001da   Section        2  rtexit.o(.ARM.Collect$$rtexit$$00000000)
    .ARM.Collect$$rtexit$$00000002           0x080001dc   Section        0  rtexit2.o(.ARM.Collect$$rtexit$$00000002)
    .ARM.Collect$$rtexit$$00000003           0x080001dc   Section        4  rtexit2.o(.ARM.Collect$$rtexit$$00000003)
    .ARM.Collect$$rtexit$$00000004           0x080001e0   Section        6  rtexit2.o(.ARM.Collect$$rtexit$$00000004)
    .text                                    0x080001e8   Section       64  startup_stm32f103xe.o(.text)
    .text                                    0x08000228   Section        2  use_no_semi_2.o(.text)
    .text                                    0x0800022a   Section       38  llushr.o(.text)
    .text                                    0x08000250   Section        0  noretval__2printf.o(.text)
    .text                                    0x08000268   Section        0  _printf_pad.o(.text)
    .text                                    0x080002b6   Section        0  _printf_str.o(.text)
    .text                                    0x08000308   Section        0  _printf_dec.o(.text)
    .text                                    0x08000380   Section        0  _printf_hex_int.o(.text)
    .text                                    0x080003d8   Section        0  __printf_flags_wp.o(.text)
    .text                                    0x08000510   Section        0  memcmp.o(.text)
    .text                                    0x08000568   Section      138  rt_memcpy_v6.o(.text)
    .text                                    0x080005f2   Section       16  aeabi_memset.o(.text)
    .text                                    0x08000602   Section       78  rt_memclr_w.o(.text)
    .text                                    0x08000650   Section        0  heapauxi.o(.text)
    .text                                    0x08000656   Section        2  use_no_semi.o(.text)
    .text                                    0x08000658   Section        0  _printf_intcommon.o(.text)
    .text                                    0x0800070a   Section        0  _printf_char.o(.text)
    .text                                    0x08000738   Section        0  _printf_char_file.o(.text)
    .text                                    0x0800075c   Section      100  rt_memcpy_w.o(.text)
    .text                                    0x080007c0   Section       68  rt_memclr.o(.text)
    .text                                    0x08000804   Section        0  _printf_char_common.o(.text)
    _printf_input_char                       0x08000805   Thumb Code    10  _printf_char_common.o(.text)
    .text                                    0x08000834   Section        0  ferror.o(.text)
    .text                                    0x0800083c   Section       74  sys_stackheap_outer.o(.text)
    .text                                    0x08000886   Section        0  exit.o(.text)
    .text                                    0x08000894   Section        8  libspace.o(.text)
    i.DMA2_Channel3_IRQHandler               0x0800089c   Section        0  main.o(i.DMA2_Channel3_IRQHandler)
    i.DMA2_Channel4_5_IRQHandler             0x080008a8   Section        0  main.o(i.DMA2_Channel4_5_IRQHandler)
    i.DMA_SetConfig                          0x080008b4   Section        0  stm32f1xx_hal_dma.o(i.DMA_SetConfig)
    DMA_SetConfig                            0x080008b5   Thumb Code    42  stm32f1xx_hal_dma.o(i.DMA_SetConfig)
    i.FLASH_MassErase                        0x080008e0   Section        0  stm32f1xx_hal_flash_ex.o(i.FLASH_MassErase)
    FLASH_MassErase                          0x080008e1   Thumb Code    42  stm32f1xx_hal_flash_ex.o(i.FLASH_MassErase)
    i.FLASH_PageErase                        0x08000948   Section        0  stm32f1xx_hal_flash_ex.o(i.FLASH_PageErase)
    i.FLASH_Program_HalfWord                 0x0800096c   Section        0  stm32f1xx_hal_flash.o(i.FLASH_Program_HalfWord)
    FLASH_Program_HalfWord                   0x0800096d   Thumb Code    20  stm32f1xx_hal_flash.o(i.FLASH_Program_HalfWord)
    i.FLASH_SetErrorCode                     0x08000988   Section        0  stm32f1xx_hal_flash.o(i.FLASH_SetErrorCode)
    FLASH_SetErrorCode                       0x08000989   Thumb Code    84  stm32f1xx_hal_flash.o(i.FLASH_SetErrorCode)
    i.FLASH_WaitForLastOperation             0x080009e4   Section        0  stm32f1xx_hal_flash.o(i.FLASH_WaitForLastOperation)
    i.HAL_DMA_Abort                          0x08000a38   Section        0  stm32f1xx_hal_dma.o(i.HAL_DMA_Abort)
    i.HAL_DMA_Abort_IT                       0x08000a80   Section        0  stm32f1xx_hal_dma.o(i.HAL_DMA_Abort_IT)
    i.HAL_DMA_GetError                       0x08000bb0   Section        0  stm32f1xx_hal_dma.o(i.HAL_DMA_GetError)
    i.HAL_DMA_IRQHandler                     0x08000bb4   Section        0  stm32f1xx_hal_dma.o(i.HAL_DMA_IRQHandler)
    i.HAL_DMA_Init                           0x08000dfc   Section        0  stm32f1xx_hal_dma.o(i.HAL_DMA_Init)
    i.HAL_DMA_Start_IT                       0x08000fa4   Section        0  stm32f1xx_hal_dma.o(i.HAL_DMA_Start_IT)
    i.HAL_DeInit                             0x08001068   Section        0  stm32f1xx_hal.o(i.HAL_DeInit)
    i.HAL_Delay                              0x08001088   Section        0  stm32f1xx_hal.o(i.HAL_Delay)
    i.HAL_FLASHEx_Erase                      0x080010ac   Section        0  stm32f1xx_hal_flash_ex.o(i.HAL_FLASHEx_Erase)
    i.HAL_FLASH_Lock                         0x08001224   Section        0  stm32f1xx_hal_flash.o(i.HAL_FLASH_Lock)
    i.HAL_FLASH_Program                      0x08001238   Section        0  stm32f1xx_hal_flash.o(i.HAL_FLASH_Program)
    i.HAL_FLASH_Unlock                       0x08001338   Section        0  stm32f1xx_hal_flash.o(i.HAL_FLASH_Unlock)
    i.HAL_GPIO_Init                          0x08001360   Section        0  stm32f1xx_hal_gpio.o(i.HAL_GPIO_Init)
    i.HAL_GetTick                            0x080016a0   Section        0  stm32f1xx_hal.o(i.HAL_GetTick)
    i.HAL_IWDG_Init                          0x080016ac   Section        0  stm32f1xx_hal_iwdg.o(i.HAL_IWDG_Init)
    i.HAL_IWDG_Refresh                       0x08001780   Section        0  stm32f1xx_hal_iwdg.o(i.HAL_IWDG_Refresh)
    i.HAL_IncTick                            0x0800178c   Section        0  stm32f1xx_hal.o(i.HAL_IncTick)
    i.HAL_Init                               0x0800179c   Section        0  stm32f1xx_hal.o(i.HAL_Init)
    i.HAL_InitTick                           0x080017c0   Section        0  stm32f1xx_hal.o(i.HAL_InitTick)
    i.HAL_MspDeInit                          0x08001800   Section        0  stm32f1xx_hal.o(i.HAL_MspDeInit)
    i.HAL_MspInit                            0x08001802   Section        0  stm32f1xx_hal.o(i.HAL_MspInit)
    i.HAL_NVIC_DisableIRQ                    0x08001804   Section        0  stm32f1xx_hal_cortex.o(i.HAL_NVIC_DisableIRQ)
    i.HAL_NVIC_EnableIRQ                     0x08001864   Section        0  stm32f1xx_hal_cortex.o(i.HAL_NVIC_EnableIRQ)
    i.HAL_NVIC_SetPriority                   0x080018bc   Section        0  stm32f1xx_hal_cortex.o(i.HAL_NVIC_SetPriority)
    i.HAL_NVIC_SetPriorityGrouping           0x08001950   Section        0  stm32f1xx_hal_cortex.o(i.HAL_NVIC_SetPriorityGrouping)
    i.HAL_RCC_GetPCLK1Freq                   0x080019c4   Section        0  stm32f1xx_hal_rcc.o(i.HAL_RCC_GetPCLK1Freq)
    i.HAL_RCC_GetPCLK2Freq                   0x080019e4   Section        0  stm32f1xx_hal_rcc.o(i.HAL_RCC_GetPCLK2Freq)
    i.HAL_SYSTICK_Config                     0x08001a04   Section        0  stm32f1xx_hal_cortex.o(i.HAL_SYSTICK_Config)
    i.HAL_UARTEx_RxEventCallback             0x08001a2c   Section        0  stm32f1xx_hal_uart.o(i.HAL_UARTEx_RxEventCallback)
    i.HAL_UART_Abort                         0x08001a2e   Section        0  stm32f1xx_hal_uart.o(i.HAL_UART_Abort)
    i.HAL_UART_ErrorCallback                 0x08001acc   Section        0  main.o(i.HAL_UART_ErrorCallback)
    i.HAL_UART_IRQHandler                    0x08001b20   Section        0  stm32f1xx_hal_uart.o(i.HAL_UART_IRQHandler)
    i.HAL_UART_Init                          0x08001d2c   Section        0  stm32f1xx_hal_uart.o(i.HAL_UART_Init)
    i.HAL_UART_MspInit                       0x08001e48   Section        0  stm32f1xx_hal_uart.o(i.HAL_UART_MspInit)
    i.HAL_UART_Receive                       0x08001e4c   Section        0  stm32f1xx_hal_uart.o(i.HAL_UART_Receive)
    i.HAL_UART_Receive_DMA                   0x08001f0c   Section        0  stm32f1xx_hal_uart.o(i.HAL_UART_Receive_DMA)
    i.HAL_UART_RxCpltCallback                0x08001f38   Section        0  main.o(i.HAL_UART_RxCpltCallback)
    i.HAL_UART_RxHalfCpltCallback            0x08001fa0   Section        0  stm32f1xx_hal_uart.o(i.HAL_UART_RxHalfCpltCallback)
    i.HAL_UART_Transmit                      0x08001fa4   Section        0  stm32f1xx_hal_uart.o(i.HAL_UART_Transmit)
    i.HAL_UART_Transmit_DMA                  0x08002058   Section        0  stm32f1xx_hal_uart.o(i.HAL_UART_Transmit_DMA)
    i.HAL_UART_TxCpltCallback                0x080020d8   Section        0  main.o(i.HAL_UART_TxCpltCallback)
    i.HAL_UART_TxHalfCpltCallback            0x080020dc   Section        0  stm32f1xx_hal_uart.o(i.HAL_UART_TxHalfCpltCallback)
    i.HardFault_Handler                      0x080020e0   Section        0  common.o(i.HardFault_Handler)
    i.SysTick_Handler                        0x08002104   Section        0  common.o(i.SysTick_Handler)
    i.SystemCoreClockUpdate                  0x08002108   Section        0  system_stm32f1xx.o(i.SystemCoreClockUpdate)
    i.SystemInit                             0x08002170   Section        0  system_stm32f1xx.o(i.SystemInit)
    i.UART4_IRQHandler                       0x08002174   Section        0  main.o(i.UART4_IRQHandler)
    i.UART_DMAAbortOnError                   0x08002180   Section        0  stm32f1xx_hal_uart.o(i.UART_DMAAbortOnError)
    UART_DMAAbortOnError                     0x08002181   Thumb Code    16  stm32f1xx_hal_uart.o(i.UART_DMAAbortOnError)
    i.UART_DMAError                          0x08002190   Section        0  stm32f1xx_hal_uart.o(i.UART_DMAError)
    UART_DMAError                            0x08002191   Thumb Code    74  stm32f1xx_hal_uart.o(i.UART_DMAError)
    i.UART_DMAReceiveCplt                    0x080021da   Section        0  stm32f1xx_hal_uart.o(i.UART_DMAReceiveCplt)
    UART_DMAReceiveCplt                      0x080021db   Thumb Code    90  stm32f1xx_hal_uart.o(i.UART_DMAReceiveCplt)
    i.UART_DMARxHalfCplt                     0x08002234   Section        0  stm32f1xx_hal_uart.o(i.UART_DMARxHalfCplt)
    UART_DMARxHalfCplt                       0x08002235   Thumb Code    26  stm32f1xx_hal_uart.o(i.UART_DMARxHalfCplt)
    i.UART_DMATransmitCplt                   0x0800224e   Section        0  stm32f1xx_hal_uart.o(i.UART_DMATransmitCplt)
    UART_DMATransmitCplt                     0x0800224f   Thumb Code    46  stm32f1xx_hal_uart.o(i.UART_DMATransmitCplt)
    i.UART_DMATxHalfCplt                     0x0800227c   Section        0  stm32f1xx_hal_uart.o(i.UART_DMATxHalfCplt)
    UART_DMATxHalfCplt                       0x0800227d   Thumb Code    10  stm32f1xx_hal_uart.o(i.UART_DMATxHalfCplt)
    i.UART_EndRxTransfer                     0x08002286   Section        0  stm32f1xx_hal_uart.o(i.UART_EndRxTransfer)
    UART_EndRxTransfer                       0x08002287   Thumb Code    48  stm32f1xx_hal_uart.o(i.UART_EndRxTransfer)
    i.UART_EndTxTransfer                     0x080022b6   Section        0  stm32f1xx_hal_uart.o(i.UART_EndTxTransfer)
    UART_EndTxTransfer                       0x080022b7   Thumb Code    18  stm32f1xx_hal_uart.o(i.UART_EndTxTransfer)
    i.UART_Receive_IT                        0x080022c8   Section        0  stm32f1xx_hal_uart.o(i.UART_Receive_IT)
    UART_Receive_IT                          0x080022c9   Thumb Code   182  stm32f1xx_hal_uart.o(i.UART_Receive_IT)
    i.UART_SetConfig                         0x08002380   Section        0  stm32f1xx_hal_uart.o(i.UART_SetConfig)
    UART_SetConfig                           0x08002381   Thumb Code   264  stm32f1xx_hal_uart.o(i.UART_SetConfig)
    i.UART_Start_Receive_DMA                 0x080024c0   Section        0  stm32f1xx_hal_uart.o(i.UART_Start_Receive_DMA)
    i.UART_WaitOnFlagUntilTimeout            0x08002530   Section        0  stm32f1xx_hal_uart.o(i.UART_WaitOnFlagUntilTimeout)
    UART_WaitOnFlagUntilTimeout              0x08002531   Thumb Code   100  stm32f1xx_hal_uart.o(i.UART_WaitOnFlagUntilTimeout)
    i.__NVIC_SetPriority                     0x08002594   Section        0  stm32f1xx_hal_cortex.o(i.__NVIC_SetPriority)
    __NVIC_SetPriority                       0x08002595   Thumb Code    32  stm32f1xx_hal_cortex.o(i.__NVIC_SetPriority)
    i._is_digit                              0x080025b4   Section        0  __printf_wp.o(i._is_digit)
    i._sys_exit                              0x080025c4   Section        0  common.o(i._sys_exit)
    i._ttywrch                               0x080025f0   Section        0  common.o(i._ttywrch)
    i.assert_failed                          0x08002624   Section        0  common.o(i.assert_failed)
    i.calc_crc8                              0x08002658   Section        0  main.o(i.calc_crc8)
    calc_crc8                                0x08002659   Thumb Code    58  main.o(i.calc_crc8)
    i.dfu_dma_init                           0x08002694   Section        0  main.o(i.dfu_dma_init)
    dfu_dma_init                             0x08002695   Thumb Code   110  main.o(i.dfu_dma_init)
    i.dfu_process                            0x08002714   Section        0  main.o(i.dfu_process)
    dfu_process                              0x08002715   Thumb Code   298  main.o(i.dfu_process)
    i.dfu_process_crc_config                 0x080028e8   Section        0  main.o(i.dfu_process_crc_config)
    dfu_process_crc_config                   0x080028e9   Thumb Code   174  main.o(i.dfu_process_crc_config)
    i.dfu_process_firmware_download          0x080029a4   Section        0  main.o(i.dfu_process_firmware_download)
    dfu_process_firmware_download            0x080029a5   Thumb Code   660  main.o(i.dfu_process_firmware_download)
    i.dfu_start_transfer                     0x08002d28   Section        0  main.o(i.dfu_start_transfer)
    dfu_start_transfer                       0x08002d29   Thumb Code   136  main.o(i.dfu_start_transfer)
    i.fputc                                  0x08002dc0   Section        0  common.o(i.fputc)
    i.jump_to_application                    0x08002ddc   Section        0  main.o(i.jump_to_application)
    jump_to_application                      0x08002ddd   Thumb Code   144  main.o(i.jump_to_application)
    i.main                                   0x08002f10   Section        0  main.o(i.main)
    i.printf_enable                          0x08003038   Section        0  common.o(i.printf_enable)
    i.usart_init                             0x08003044   Section        0  common.o(i.usart_init)
    .constdata                               0x08003118   Section       14  common.o(.constdata)
    __FUNCTION__                             0x08003118   Data          14  common.o(.constdata)
    .constdata                               0x08003126   Section       16  system_stm32f1xx.o(.constdata)
    .constdata                               0x08003136   Section        8  system_stm32f1xx.o(.constdata)
    .constdata                               0x0800313e   Section       40  _printf_hex_int.o(.constdata)
    uc_hextab                                0x0800313e   Data          20  _printf_hex_int.o(.constdata)
    lc_hextab                                0x08003152   Data          20  _printf_hex_int.o(.constdata)
    .constdata                               0x08003166   Section       17  __printf_flags_wp.o(.constdata)
    maptable                                 0x08003166   Data          17  __printf_flags_wp.o(.constdata)
    .ARM.__AT_0x08004804                     0x08004804   Section        4  main.o(.ARM.__AT_0x08004804)
    crc_disable                              0x08004804   Data           4  main.o(.ARM.__AT_0x08004804)
    .data                                    0x20000000   Section       16  main.o(.data)
    uart_front                               0x20000000   Data           1  main.o(.data)
    uart_rear                                0x20000001   Data           1  main.o(.data)
    uart_busy                                0x20000002   Data           1  main.o(.data)
    run                                      0x20000004   Data           4  main.o(.data)
    uart_frontaddr                           0x20000008   Data           4  main.o(.data)
    uart_rearaddr                            0x2000000c   Data           4  main.o(.data)
    .data                                    0x20000010   Section        4  common.o(.data)
    .data                                    0x20000014   Section        4  common.o(.data)
    printf_enabled                           0x20000014   Data           4  common.o(.data)
    .data                                    0x20000018   Section       12  stm32f1xx_hal.o(.data)
    .data                                    0x20000024   Section        4  system_stm32f1xx.o(.data)
    .bss                                     0x20000028   Section    18134  main.o(.bss)
    uart_data                                0x200000bc   Data       17955  main.o(.bss)
    device_response                          0x200046df   Data           9  main.o(.bss)
    firmware_info                            0x200046e8   Data          22  main.o(.bss)
    .bss                                     0x20004700   Section      136  common.o(.bss)
    .bss                                     0x20004788   Section       32  stm32f1xx_hal_flash.o(.bss)
    .bss                                     0x200047a8   Section       96  libspace.o(.bss)
    HEAP                                     0x20004808   Section      512  startup_stm32f103xe.o(HEAP)
    Heap_Mem                                 0x20004808   Data         512  startup_stm32f103xe.o(HEAP)
    STACK                                    0x20004a08   Section     1024  startup_stm32f103xe.o(STACK)
    Stack_Mem                                0x20004a08   Data        1024  startup_stm32f103xe.o(STACK)
    __initial_sp                             0x20004e08   Data           0  startup_stm32f103xe.o(STACK)

    Global Symbols

    Symbol Name                              Value     Ov Type        Size  Object(Section)

    BuildAttributes$$THM_ISAv4$P$D$K$B$S$PE$A:L22UL41UL21$X:L11$S22US41US21$IEEE1$IW$USESV6$~STKCKD$USESV7$~SHL$OSPACE$ROPI$EBA8$UX$STANDARDLIB$REQ8$PRES8$EABIv2 0x00000000   Number         0  anon$$obj.o ABSOLUTE
    __ARM_use_no_argv                        0x00000000   Number         0  main.o ABSOLUTE
    _printf_flags                            0x00000000   Number         0  printf_stubs.o ABSOLUTE
    _printf_return_value                     0x00000000   Number         0  printf_stubs.o ABSOLUTE
    _printf_sizespec                         0x00000000   Number         0  printf_stubs.o ABSOLUTE
    _printf_widthprec                        0x00000000   Number         0  printf_stubs.o ABSOLUTE
    __ARM_exceptions_init                     - Undefined Weak Reference
    __alloca_initialize                       - Undefined Weak Reference
    __arm_preinit_                            - Undefined Weak Reference
    __cpp_initialize__aeabi_                  - Undefined Weak Reference
    __cxa_finalize                            - Undefined Weak Reference
    __rt_locale                               - Undefined Weak Reference
    __sigvec_lookup                           - Undefined Weak Reference
    _atexit_init                              - Undefined Weak Reference
    _call_atexit_fns                          - Undefined Weak Reference
    _clock_init                               - Undefined Weak Reference
    _fp_trap_init                             - Undefined Weak Reference
    _fp_trap_shutdown                         - Undefined Weak Reference
    _get_lc_collate                           - Undefined Weak Reference
    _get_lc_ctype                             - Undefined Weak Reference
    _get_lc_monetary                          - Undefined Weak Reference
    _get_lc_numeric                           - Undefined Weak Reference
    _get_lc_time                              - Undefined Weak Reference
    _getenv_init                              - Undefined Weak Reference
    _handle_redirection                       - Undefined Weak Reference
    _init_alloc                               - Undefined Weak Reference
    _init_user_alloc                          - Undefined Weak Reference
    _initio                                   - Undefined Weak Reference
    _mutex_acquire                            - Undefined Weak Reference
    _mutex_release                            - Undefined Weak Reference
    _printf_mbtowc                            - Undefined Weak Reference
    _printf_truncate_signed                   - Undefined Weak Reference
    _printf_truncate_unsigned                 - Undefined Weak Reference
    _rand_init                                - Undefined Weak Reference
    _signal_finish                            - Undefined Weak Reference
    _signal_init                              - Undefined Weak Reference
    _terminate_alloc                          - Undefined Weak Reference
    _terminate_user_alloc                     - Undefined Weak Reference
    _terminateio                              - Undefined Weak Reference
    __Vectors_Size                           0x00000130   Number         0  startup_stm32f103xe.o ABSOLUTE
    __Vectors                                0x08000000   Data           4  startup_stm32f103xe.o(RESET)
    __Vectors_End                            0x08000130   Data           0  startup_stm32f103xe.o(RESET)
    __main                                   0x08000131   Thumb Code     8  __main.o(!!!main)
    __scatterload                            0x08000139   Thumb Code     0  __scatter.o(!!!scatter)
    __scatterload_rt2                        0x08000139   Thumb Code    44  __scatter.o(!!!scatter)
    __scatterload_rt2_thumb_only             0x08000139   Thumb Code     0  __scatter.o(!!!scatter)
    __scatterload_null                       0x08000147   Thumb Code     0  __scatter.o(!!!scatter)
    __scatterload_copy                       0x0800016d   Thumb Code    26  __scatter_copy.o(!!handler_copy)
    __scatterload_zeroinit                   0x08000189   Thumb Code    28  __scatter_zi.o(!!handler_zi)
    _printf_d                                0x080001a5   Thumb Code     0  _printf_d.o(.ARM.Collect$$_printf_percent$$00000009)
    _printf_percent                          0x080001a5   Thumb Code     0  _printf_percent.o(.ARM.Collect$$_printf_percent$$00000000)
    _printf_u                                0x080001ab   Thumb Code     0  _printf_u.o(.ARM.Collect$$_printf_percent$$0000000A)
    _printf_x                                0x080001b1   Thumb Code     0  _printf_x.o(.ARM.Collect$$_printf_percent$$0000000C)
    _printf_s                                0x080001b7   Thumb Code     0  _printf_s.o(.ARM.Collect$$_printf_percent$$00000014)
    _printf_percent_end                      0x080001bd   Thumb Code     0  _printf_percent_end.o(.ARM.Collect$$_printf_percent$$00000017)
    __rt_lib_init                            0x080001c1   Thumb Code     0  libinit.o(.ARM.Collect$$libinit$$00000000)
    __rt_lib_init_alloca_1                   0x080001c3   Thumb Code     0  libinit2.o(.ARM.Collect$$libinit$$0000002E)
    __rt_lib_init_argv_1                     0x080001c3   Thumb Code     0  libinit2.o(.ARM.Collect$$libinit$$0000002C)
    __rt_lib_init_atexit_1                   0x080001c3   Thumb Code     0  libinit2.o(.ARM.Collect$$libinit$$0000001B)
    __rt_lib_init_clock_1                    0x080001c3   Thumb Code     0  libinit2.o(.ARM.Collect$$libinit$$00000021)
    __rt_lib_init_cpp_1                      0x080001c3   Thumb Code     0  libinit2.o(.ARM.Collect$$libinit$$00000032)
    __rt_lib_init_exceptions_1               0x080001c3   Thumb Code     0  libinit2.o(.ARM.Collect$$libinit$$00000030)
    __rt_lib_init_fp_1                       0x080001c3   Thumb Code     0  libinit2.o(.ARM.Collect$$libinit$$00000002)
    __rt_lib_init_fp_trap_1                  0x080001c3   Thumb Code     0  libinit2.o(.ARM.Collect$$libinit$$0000001F)
    __rt_lib_init_getenv_1                   0x080001c3   Thumb Code     0  libinit2.o(.ARM.Collect$$libinit$$00000023)
    __rt_lib_init_heap_1                     0x080001c3   Thumb Code     0  libinit2.o(.ARM.Collect$$libinit$$0000000A)
    __rt_lib_init_lc_collate_1               0x080001c3   Thumb Code     0  libinit2.o(.ARM.Collect$$libinit$$00000011)
    __rt_lib_init_lc_ctype_1                 0x080001c3   Thumb Code     0  libinit2.o(.ARM.Collect$$libinit$$00000013)
    __rt_lib_init_lc_monetary_1              0x080001c3   Thumb Code     0  libinit2.o(.ARM.Collect$$libinit$$00000015)
    __rt_lib_init_lc_numeric_1               0x080001c3   Thumb Code     0  libinit2.o(.ARM.Collect$$libinit$$00000017)
    __rt_lib_init_lc_time_1                  0x080001c3   Thumb Code     0  libinit2.o(.ARM.Collect$$libinit$$00000019)
    __rt_lib_init_preinit_1                  0x080001c3   Thumb Code     0  libinit2.o(.ARM.Collect$$libinit$$00000004)
    __rt_lib_init_rand_1                     0x080001c3   Thumb Code     0  libinit2.o(.ARM.Collect$$libinit$$0000000E)
    __rt_lib_init_return                     0x080001c3   Thumb Code     0  libinit2.o(.ARM.Collect$$libinit$$00000033)
    __rt_lib_init_signal_1                   0x080001c3   Thumb Code     0  libinit2.o(.ARM.Collect$$libinit$$0000001D)
    __rt_lib_init_stdio_1                    0x080001c3   Thumb Code     0  libinit2.o(.ARM.Collect$$libinit$$00000025)
    __rt_lib_init_user_alloc_1               0x080001c3   Thumb Code     0  libinit2.o(.ARM.Collect$$libinit$$0000000C)
    __rt_lib_shutdown                        0x080001c5   Thumb Code     0  libshutdown.o(.ARM.Collect$$libshutdown$$00000000)
    __rt_lib_shutdown_fp_trap_1              0x080001c7   Thumb Code     0  libshutdown2.o(.ARM.Collect$$libshutdown$$00000006)
    __rt_lib_shutdown_heap_1                 0x080001c7   Thumb Code     0  libshutdown2.o(.ARM.Collect$$libshutdown$$0000000E)
    __rt_lib_shutdown_return                 0x080001c7   Thumb Code     0  libshutdown2.o(.ARM.Collect$$libshutdown$$0000000F)
    __rt_lib_shutdown_signal_1               0x080001c7   Thumb Code     0  libshutdown2.o(.ARM.Collect$$libshutdown$$00000009)
    __rt_lib_shutdown_stdio_1                0x080001c7   Thumb Code     0  libshutdown2.o(.ARM.Collect$$libshutdown$$00000003)
    __rt_lib_shutdown_user_alloc_1           0x080001c7   Thumb Code     0  libshutdown2.o(.ARM.Collect$$libshutdown$$0000000B)
    __rt_entry                               0x080001c9   Thumb Code     0  __rtentry.o(.ARM.Collect$$rtentry$$00000000)
    __rt_entry_presh_1                       0x080001c9   Thumb Code     0  __rtentry2.o(.ARM.Collect$$rtentry$$00000002)
    __rt_entry_sh                            0x080001c9   Thumb Code     0  __rtentry4.o(.ARM.Collect$$rtentry$$00000004)
    __rt_entry_li                            0x080001cf   Thumb Code     0  __rtentry2.o(.ARM.Collect$$rtentry$$0000000A)
    __rt_entry_postsh_1                      0x080001cf   Thumb Code     0  __rtentry2.o(.ARM.Collect$$rtentry$$00000009)
    __rt_entry_main                          0x080001d3   Thumb Code     0  __rtentry2.o(.ARM.Collect$$rtentry$$0000000D)
    __rt_entry_postli_1                      0x080001d3   Thumb Code     0  __rtentry2.o(.ARM.Collect$$rtentry$$0000000C)
    __rt_exit                                0x080001db   Thumb Code     0  rtexit.o(.ARM.Collect$$rtexit$$00000000)
    __rt_exit_ls                             0x080001dd   Thumb Code     0  rtexit2.o(.ARM.Collect$$rtexit$$00000003)
    __rt_exit_prels_1                        0x080001dd   Thumb Code     0  rtexit2.o(.ARM.Collect$$rtexit$$00000002)
    __rt_exit_exit                           0x080001e1   Thumb Code     0  rtexit2.o(.ARM.Collect$$rtexit$$00000004)
    Reset_Handler                            0x080001e9   Thumb Code     8  startup_stm32f103xe.o(.text)
    NMI_Handler                              0x080001f1   Thumb Code     2  startup_stm32f103xe.o(.text)
    MemManage_Handler                        0x080001f5   Thumb Code     2  startup_stm32f103xe.o(.text)
    BusFault_Handler                         0x080001f7   Thumb Code     2  startup_stm32f103xe.o(.text)
    UsageFault_Handler                       0x080001f9   Thumb Code     2  startup_stm32f103xe.o(.text)
    SVC_Handler                              0x080001fb   Thumb Code     2  startup_stm32f103xe.o(.text)
    DebugMon_Handler                         0x080001fd   Thumb Code     2  startup_stm32f103xe.o(.text)
    PendSV_Handler                           0x080001ff   Thumb Code     2  startup_stm32f103xe.o(.text)
    ADC1_2_IRQHandler                        0x08000203   Thumb Code     0  startup_stm32f103xe.o(.text)
    ADC3_IRQHandler                          0x08000203   Thumb Code     0  startup_stm32f103xe.o(.text)
    CAN1_RX1_IRQHandler                      0x08000203   Thumb Code     0  startup_stm32f103xe.o(.text)
    CAN1_SCE_IRQHandler                      0x08000203   Thumb Code     0  startup_stm32f103xe.o(.text)
    DMA1_Channel1_IRQHandler                 0x08000203   Thumb Code     0  startup_stm32f103xe.o(.text)
    DMA1_Channel2_IRQHandler                 0x08000203   Thumb Code     0  startup_stm32f103xe.o(.text)
    DMA1_Channel3_IRQHandler                 0x08000203   Thumb Code     0  startup_stm32f103xe.o(.text)
    DMA1_Channel4_IRQHandler                 0x08000203   Thumb Code     0  startup_stm32f103xe.o(.text)
    DMA1_Channel5_IRQHandler                 0x08000203   Thumb Code     0  startup_stm32f103xe.o(.text)
    DMA1_Channel6_IRQHandler                 0x08000203   Thumb Code     0  startup_stm32f103xe.o(.text)
    DMA1_Channel7_IRQHandler                 0x08000203   Thumb Code     0  startup_stm32f103xe.o(.text)
    DMA2_Channel1_IRQHandler                 0x08000203   Thumb Code     0  startup_stm32f103xe.o(.text)
    DMA2_Channel2_IRQHandler                 0x08000203   Thumb Code     0  startup_stm32f103xe.o(.text)
    EXTI0_IRQHandler                         0x08000203   Thumb Code     0  startup_stm32f103xe.o(.text)
    EXTI15_10_IRQHandler                     0x08000203   Thumb Code     0  startup_stm32f103xe.o(.text)
    EXTI1_IRQHandler                         0x08000203   Thumb Code     0  startup_stm32f103xe.o(.text)
    EXTI2_IRQHandler                         0x08000203   Thumb Code     0  startup_stm32f103xe.o(.text)
    EXTI3_IRQHandler                         0x08000203   Thumb Code     0  startup_stm32f103xe.o(.text)
    EXTI4_IRQHandler                         0x08000203   Thumb Code     0  startup_stm32f103xe.o(.text)
    EXTI9_5_IRQHandler                       0x08000203   Thumb Code     0  startup_stm32f103xe.o(.text)
    FLASH_IRQHandler                         0x08000203   Thumb Code     0  startup_stm32f103xe.o(.text)
    FSMC_IRQHandler                          0x08000203   Thumb Code     0  startup_stm32f103xe.o(.text)
    I2C1_ER_IRQHandler                       0x08000203   Thumb Code     0  startup_stm32f103xe.o(.text)
    I2C1_EV_IRQHandler                       0x08000203   Thumb Code     0  startup_stm32f103xe.o(.text)
    I2C2_ER_IRQHandler                       0x08000203   Thumb Code     0  startup_stm32f103xe.o(.text)
    I2C2_EV_IRQHandler                       0x08000203   Thumb Code     0  startup_stm32f103xe.o(.text)
    PVD_IRQHandler                           0x08000203   Thumb Code     0  startup_stm32f103xe.o(.text)
    RCC_IRQHandler                           0x08000203   Thumb Code     0  startup_stm32f103xe.o(.text)
    RTC_Alarm_IRQHandler                     0x08000203   Thumb Code     0  startup_stm32f103xe.o(.text)
    RTC_IRQHandler                           0x08000203   Thumb Code     0  startup_stm32f103xe.o(.text)
    SDIO_IRQHandler                          0x08000203   Thumb Code     0  startup_stm32f103xe.o(.text)
    SPI1_IRQHandler                          0x08000203   Thumb Code     0  startup_stm32f103xe.o(.text)
    SPI2_IRQHandler                          0x08000203   Thumb Code     0  startup_stm32f103xe.o(.text)
    SPI3_IRQHandler                          0x08000203   Thumb Code     0  startup_stm32f103xe.o(.text)
    TAMPER_IRQHandler                        0x08000203   Thumb Code     0  startup_stm32f103xe.o(.text)
    TIM1_BRK_IRQHandler                      0x08000203   Thumb Code     0  startup_stm32f103xe.o(.text)
    TIM1_CC_IRQHandler                       0x08000203   Thumb Code     0  startup_stm32f103xe.o(.text)
    TIM1_TRG_COM_IRQHandler                  0x08000203   Thumb Code     0  startup_stm32f103xe.o(.text)
    TIM1_UP_IRQHandler                       0x08000203   Thumb Code     0  startup_stm32f103xe.o(.text)
    TIM2_IRQHandler                          0x08000203   Thumb Code     0  startup_stm32f103xe.o(.text)
    TIM3_IRQHandler                          0x08000203   Thumb Code     0  startup_stm32f103xe.o(.text)
    TIM4_IRQHandler                          0x08000203   Thumb Code     0  startup_stm32f103xe.o(.text)
    TIM5_IRQHandler                          0x08000203   Thumb Code     0  startup_stm32f103xe.o(.text)
    TIM6_IRQHandler                          0x08000203   Thumb Code     0  startup_stm32f103xe.o(.text)
    TIM7_IRQHandler                          0x08000203   Thumb Code     0  startup_stm32f103xe.o(.text)
    TIM8_BRK_IRQHandler                      0x08000203   Thumb Code     0  startup_stm32f103xe.o(.text)
    TIM8_CC_IRQHandler                       0x08000203   Thumb Code     0  startup_stm32f103xe.o(.text)
    TIM8_TRG_COM_IRQHandler                  0x08000203   Thumb Code     0  startup_stm32f103xe.o(.text)
    TIM8_UP_IRQHandler                       0x08000203   Thumb Code     0  startup_stm32f103xe.o(.text)
    UART5_IRQHandler                         0x08000203   Thumb Code     0  startup_stm32f103xe.o(.text)
    USART1_IRQHandler                        0x08000203   Thumb Code     0  startup_stm32f103xe.o(.text)
    USART2_IRQHandler                        0x08000203   Thumb Code     0  startup_stm32f103xe.o(.text)
    USART3_IRQHandler                        0x08000203   Thumb Code     0  startup_stm32f103xe.o(.text)
    USBWakeUp_IRQHandler                     0x08000203   Thumb Code     0  startup_stm32f103xe.o(.text)
    USB_HP_CAN1_TX_IRQHandler                0x08000203   Thumb Code     0  startup_stm32f103xe.o(.text)
    USB_LP_CAN1_RX0_IRQHandler               0x08000203   Thumb Code     0  startup_stm32f103xe.o(.text)
    WWDG_IRQHandler                          0x08000203   Thumb Code     0  startup_stm32f103xe.o(.text)
    __user_initial_stackheap                 0x08000205   Thumb Code     0  startup_stm32f103xe.o(.text)
    __use_no_semihosting                     0x08000229   Thumb Code     2  use_no_semi_2.o(.text)
    __aeabi_llsr                             0x0800022b   Thumb Code     0  llushr.o(.text)
    _ll_ushift_r                             0x0800022b   Thumb Code    38  llushr.o(.text)
    __2printf                                0x08000251   Thumb Code    20  noretval__2printf.o(.text)
    _printf_pre_padding                      0x08000269   Thumb Code    44  _printf_pad.o(.text)
    _printf_post_padding                     0x08000295   Thumb Code    34  _printf_pad.o(.text)
    _printf_str                              0x080002b7   Thumb Code    82  _printf_str.o(.text)
    _printf_int_dec                          0x08000309   Thumb Code   104  _printf_dec.o(.text)
    _printf_int_hex                          0x08000381   Thumb Code    84  _printf_hex_int.o(.text)
    _printf_longlong_hex                     0x08000381   Thumb Code     0  _printf_hex_int.o(.text)
    __printf                                 0x080003d9   Thumb Code   308  __printf_flags_wp.o(.text)
    memcmp                                   0x08000511   Thumb Code    88  memcmp.o(.text)
    __aeabi_memcpy                           0x08000569   Thumb Code     0  rt_memcpy_v6.o(.text)
    __rt_memcpy                              0x08000569   Thumb Code   138  rt_memcpy_v6.o(.text)
    _memcpy_lastbytes                        0x080005cf   Thumb Code     0  rt_memcpy_v6.o(.text)
    __aeabi_memset                           0x080005f3   Thumb Code    16  aeabi_memset.o(.text)
    __aeabi_memclr4                          0x08000603   Thumb Code     0  rt_memclr_w.o(.text)
    __aeabi_memclr8                          0x08000603   Thumb Code     0  rt_memclr_w.o(.text)
    __rt_memclr_w                            0x08000603   Thumb Code    78  rt_memclr_w.o(.text)
    _memset_w                                0x08000607   Thumb Code     0  rt_memclr_w.o(.text)
    __use_two_region_memory                  0x08000651   Thumb Code     2  heapauxi.o(.text)
    __rt_heap_escrow$2region                 0x08000653   Thumb Code     2  heapauxi.o(.text)
    __rt_heap_expand$2region                 0x08000655   Thumb Code     2  heapauxi.o(.text)
    __I$use$semihosting                      0x08000657   Thumb Code     0  use_no_semi.o(.text)
    __use_no_semihosting_swi                 0x08000657   Thumb Code     2  use_no_semi.o(.text)
    _printf_int_common                       0x08000659   Thumb Code   178  _printf_intcommon.o(.text)
    _printf_cs_common                        0x0800070b   Thumb Code    20  _printf_char.o(.text)
    _printf_char                             0x0800071f   Thumb Code    16  _printf_char.o(.text)
    _printf_string                           0x0800072f   Thumb Code     8  _printf_char.o(.text)
    _printf_char_file                        0x08000739   Thumb Code    32  _printf_char_file.o(.text)
    __aeabi_memcpy4                          0x0800075d   Thumb Code     0  rt_memcpy_w.o(.text)
    __aeabi_memcpy8                          0x0800075d   Thumb Code     0  rt_memcpy_w.o(.text)
    __rt_memcpy_w                            0x0800075d   Thumb Code   100  rt_memcpy_w.o(.text)
    _memcpy_lastbytes_aligned                0x080007a5   Thumb Code     0  rt_memcpy_w.o(.text)
    __aeabi_memclr                           0x080007c1   Thumb Code     0  rt_memclr.o(.text)
    __rt_memclr                              0x080007c1   Thumb Code    68  rt_memclr.o(.text)
    _memset                                  0x080007c5   Thumb Code     0  rt_memclr.o(.text)
    _printf_char_common                      0x0800080f   Thumb Code    32  _printf_char_common.o(.text)
    ferror                                   0x08000835   Thumb Code     8  ferror.o(.text)
    __user_setup_stackheap                   0x0800083d   Thumb Code    74  sys_stackheap_outer.o(.text)
    exit                                     0x08000887   Thumb Code    12  exit.o(.text)
    __user_libspace                          0x08000895   Thumb Code     8  libspace.o(.text)
    __user_perproc_libspace                  0x08000895   Thumb Code     0  libspace.o(.text)
    __user_perthread_libspace                0x08000895   Thumb Code     0  libspace.o(.text)
    DMA2_Channel3_IRQHandler                 0x0800089d   Thumb Code     6  main.o(i.DMA2_Channel3_IRQHandler)
    DMA2_Channel4_5_IRQHandler               0x080008a9   Thumb Code     6  main.o(i.DMA2_Channel4_5_IRQHandler)
    FLASH_PageErase                          0x08000949   Thumb Code    28  stm32f1xx_hal_flash_ex.o(i.FLASH_PageErase)
    FLASH_WaitForLastOperation               0x080009e5   Thumb Code    80  stm32f1xx_hal_flash.o(i.FLASH_WaitForLastOperation)
    HAL_DMA_Abort                            0x08000a39   Thumb Code    70  stm32f1xx_hal_dma.o(i.HAL_DMA_Abort)
    HAL_DMA_Abort_IT                         0x08000a81   Thumb Code   296  stm32f1xx_hal_dma.o(i.HAL_DMA_Abort_IT)
    HAL_DMA_GetError                         0x08000bb1   Thumb Code     4  stm32f1xx_hal_dma.o(i.HAL_DMA_GetError)
    HAL_DMA_IRQHandler                       0x08000bb5   Thumb Code   552  stm32f1xx_hal_dma.o(i.HAL_DMA_IRQHandler)
    HAL_DMA_Init                             0x08000dfd   Thumb Code   368  stm32f1xx_hal_dma.o(i.HAL_DMA_Init)
    HAL_DMA_Start_IT                         0x08000fa5   Thumb Code   148  stm32f1xx_hal_dma.o(i.HAL_DMA_Start_IT)
    HAL_DeInit                               0x08001069   Thumb Code    26  stm32f1xx_hal.o(i.HAL_DeInit)
    HAL_Delay                                0x08001089   Thumb Code    32  stm32f1xx_hal.o(i.HAL_Delay)
    HAL_FLASHEx_Erase                        0x080010ad   Thumb Code   298  stm32f1xx_hal_flash_ex.o(i.HAL_FLASHEx_Erase)
    HAL_FLASH_Lock                           0x08001225   Thumb Code    14  stm32f1xx_hal_flash.o(i.HAL_FLASH_Lock)
    HAL_FLASH_Program                        0x08001239   Thumb Code   184  stm32f1xx_hal_flash.o(i.HAL_FLASH_Program)
    HAL_FLASH_Unlock                         0x08001339   Thumb Code    28  stm32f1xx_hal_flash.o(i.HAL_FLASH_Unlock)
    HAL_GPIO_Init                            0x08001361   Thumb Code   708  stm32f1xx_hal_gpio.o(i.HAL_GPIO_Init)
    HAL_GetTick                              0x080016a1   Thumb Code     6  stm32f1xx_hal.o(i.HAL_GetTick)
    HAL_IWDG_Init                            0x080016ad   Thumb Code   158  stm32f1xx_hal_iwdg.o(i.HAL_IWDG_Init)
    HAL_IWDG_Refresh                         0x08001781   Thumb Code    12  stm32f1xx_hal_iwdg.o(i.HAL_IWDG_Refresh)
    HAL_IncTick                              0x0800178d   Thumb Code    12  stm32f1xx_hal.o(i.HAL_IncTick)
    HAL_Init                                 0x0800179d   Thumb Code    32  stm32f1xx_hal.o(i.HAL_Init)
    HAL_InitTick                             0x080017c1   Thumb Code    54  stm32f1xx_hal.o(i.HAL_InitTick)
    HAL_MspDeInit                            0x08001801   Thumb Code     2  stm32f1xx_hal.o(i.HAL_MspDeInit)
    HAL_MspInit                              0x08001803   Thumb Code     2  stm32f1xx_hal.o(i.HAL_MspInit)
    HAL_NVIC_DisableIRQ                      0x08001805   Thumb Code    48  stm32f1xx_hal_cortex.o(i.HAL_NVIC_DisableIRQ)
    HAL_NVIC_EnableIRQ                       0x08001865   Thumb Code    40  stm32f1xx_hal_cortex.o(i.HAL_NVIC_EnableIRQ)
    HAL_NVIC_SetPriority                     0x080018bd   Thumb Code    94  stm32f1xx_hal_cortex.o(i.HAL_NVIC_SetPriority)
    HAL_NVIC_SetPriorityGrouping             0x08001951   Thumb Code    58  stm32f1xx_hal_cortex.o(i.HAL_NVIC_SetPriorityGrouping)
    HAL_RCC_GetPCLK1Freq                     0x080019c5   Thumb Code    20  stm32f1xx_hal_rcc.o(i.HAL_RCC_GetPCLK1Freq)
    HAL_RCC_GetPCLK2Freq                     0x080019e5   Thumb Code    20  stm32f1xx_hal_rcc.o(i.HAL_RCC_GetPCLK2Freq)
    HAL_SYSTICK_Config                       0x08001a05   Thumb Code    40  stm32f1xx_hal_cortex.o(i.HAL_SYSTICK_Config)
    HAL_UARTEx_RxEventCallback               0x08001a2d   Thumb Code     2  stm32f1xx_hal_uart.o(i.HAL_UARTEx_RxEventCallback)
    HAL_UART_Abort                           0x08001a2f   Thumb Code   156  stm32f1xx_hal_uart.o(i.HAL_UART_Abort)
    HAL_UART_ErrorCallback                   0x08001acd   Thumb Code    30  main.o(i.HAL_UART_ErrorCallback)
    HAL_UART_IRQHandler                      0x08001b21   Thumb Code   520  stm32f1xx_hal_uart.o(i.HAL_UART_IRQHandler)
    HAL_UART_Init                            0x08001d2d   Thumb Code   216  stm32f1xx_hal_uart.o(i.HAL_UART_Init)
    HAL_UART_MspInit                         0x08001e49   Thumb Code     2  stm32f1xx_hal_uart.o(i.HAL_UART_MspInit)
    HAL_UART_Receive                         0x08001e4d   Thumb Code   192  stm32f1xx_hal_uart.o(i.HAL_UART_Receive)
    HAL_UART_Receive_DMA                     0x08001f0d   Thumb Code    42  stm32f1xx_hal_uart.o(i.HAL_UART_Receive_DMA)
    HAL_UART_RxCpltCallback                  0x08001f39   Thumb Code    70  main.o(i.HAL_UART_RxCpltCallback)
    HAL_UART_RxHalfCpltCallback              0x08001fa1   Thumb Code     2  stm32f1xx_hal_uart.o(i.HAL_UART_RxHalfCpltCallback)
    HAL_UART_Transmit                        0x08001fa5   Thumb Code   178  stm32f1xx_hal_uart.o(i.HAL_UART_Transmit)
    HAL_UART_Transmit_DMA                    0x08002059   Thumb Code   114  stm32f1xx_hal_uart.o(i.HAL_UART_Transmit_DMA)
    HAL_UART_TxCpltCallback                  0x080020d9   Thumb Code     4  main.o(i.HAL_UART_TxCpltCallback)
    HAL_UART_TxHalfCpltCallback              0x080020dd   Thumb Code     2  stm32f1xx_hal_uart.o(i.HAL_UART_TxHalfCpltCallback)
    HardFault_Handler                        0x080020e1   Thumb Code    14  common.o(i.HardFault_Handler)
    SysTick_Handler                          0x08002105   Thumb Code     4  common.o(i.SysTick_Handler)
    SystemCoreClockUpdate                    0x08002109   Thumb Code    82  system_stm32f1xx.o(i.SystemCoreClockUpdate)
    SystemInit                               0x08002171   Thumb Code     2  system_stm32f1xx.o(i.SystemInit)
    UART4_IRQHandler                         0x08002175   Thumb Code     6  main.o(i.UART4_IRQHandler)
    UART_Start_Receive_DMA                   0x080024c1   Thumb Code    98  stm32f1xx_hal_uart.o(i.UART_Start_Receive_DMA)
    _is_digit                                0x080025b5   Thumb Code    14  __printf_wp.o(i._is_digit)
    _sys_exit                                0x080025c5   Thumb Code    16  common.o(i._sys_exit)
    _ttywrch                                 0x080025f1   Thumb Code    38  common.o(i._ttywrch)
    assert_failed                            0x08002625   Thumb Code    20  common.o(i.assert_failed)
    fputc                                    0x08002dc1   Thumb Code    28  common.o(i.fputc)
    main                                     0x08002f11   Thumb Code   202  main.o(i.main)
    printf_enable                            0x08003039   Thumb Code     6  common.o(i.printf_enable)
    usart_init                               0x08003045   Thumb Code   188  common.o(i.usart_init)
    AHBPrescTable                            0x08003126   Data          16  system_stm32f1xx.o(.constdata)
    APBPrescTable                            0x08003136   Data           8  system_stm32f1xx.o(.constdata)
    Region$$Table$$Base                      0x08003178   Number         0  anon$$obj.o(Region$$Table)
    Region$$Table$$Limit                     0x08003198   Number         0  anon$$obj.o(Region$$Table)
    __stdout                                 0x20000010   Data           4  common.o(.data)
    uwTickFreq                               0x20000018   Data           1  stm32f1xx_hal.o(.data)
    uwTickPrio                               0x2000001c   Data           4  stm32f1xx_hal.o(.data)
    uwTick                                   0x20000020   Data           4  stm32f1xx_hal.o(.data)
    SystemCoreClock                          0x20000024   Data           4  system_stm32f1xx.o(.data)
    hdma14                                   0x20000028   Data          68  main.o(.bss)
    hdma15                                   0x2000006c   Data          68  main.o(.bss)
    hiwdg                                    0x200000b0   Data          12  main.o(.bss)
    huart1                                   0x20004700   Data          68  common.o(.bss)
    huart4                                   0x20004744   Data          68  common.o(.bss)
    pFlash                                   0x20004788   Data          32  stm32f1xx_hal_flash.o(.bss)
    __libspace_start                         0x200047a8   Data          96  libspace.o(.bss)
    __temporary_stack_top$libspace           0x20004808   Data           0  libspace.o(.bss)



==============================================================================

Memory Map of the image

  Image Entry point : 0x08000131

  Load Region LR_IROM1 (Base: 0x08000000, Size: 0x000031c0, Max: 0x00004800, ABSOLUTE)

    Execution Region ER_IROM1 (Base: 0x08000000, Size: 0x00003198, Max: 0x00004800, ABSOLUTE)

    Base Addr    Size         Type   Attr      Idx    E Section Name        Object

    0x08000000   0x00000130   Data   RO         4690    RESET               startup_stm32f103xe.o
    0x08000130   0x00000008   Code   RO         4769  * !!!main             c_w.l(__main.o)
    0x08000138   0x00000034   Code   RO         4940    !!!scatter          c_w.l(__scatter.o)
    0x0800016c   0x0000001a   Code   RO         4942    !!handler_copy      c_w.l(__scatter_copy.o)
    0x08000186   0x00000002   PAD
    0x08000188   0x0000001c   Code   RO         4944    !!handler_zi        c_w.l(__scatter_zi.o)
    0x080001a4   0x00000000   Code   RO         4758    .ARM.Collect$$_printf_percent$$00000000  c_w.l(_printf_percent.o)
    0x080001a4   0x00000006   Code   RO         4756    .ARM.Collect$$_printf_percent$$00000009  c_w.l(_printf_d.o)
    0x080001aa   0x00000006   Code   RO         4757    .ARM.Collect$$_printf_percent$$0000000A  c_w.l(_printf_u.o)
    0x080001b0   0x00000006   Code   RO         4755    .ARM.Collect$$_printf_percent$$0000000C  c_w.l(_printf_x.o)
    0x080001b6   0x00000006   Code   RO         4754    .ARM.Collect$$_printf_percent$$00000014  c_w.l(_printf_s.o)
    0x080001bc   0x00000004   Code   RO         4780    .ARM.Collect$$_printf_percent$$00000017  c_w.l(_printf_percent_end.o)
    0x080001c0   0x00000002   Code   RO         4817    .ARM.Collect$$libinit$$00000000  c_w.l(libinit.o)
    0x080001c2   0x00000000   Code   RO         4824    .ARM.Collect$$libinit$$00000002  c_w.l(libinit2.o)
    0x080001c2   0x00000000   Code   RO         4826    .ARM.Collect$$libinit$$00000004  c_w.l(libinit2.o)
    0x080001c2   0x00000000   Code   RO         4829    .ARM.Collect$$libinit$$0000000A  c_w.l(libinit2.o)
    0x080001c2   0x00000000   Code   RO         4831    .ARM.Collect$$libinit$$0000000C  c_w.l(libinit2.o)
    0x080001c2   0x00000000   Code   RO         4833    .ARM.Collect$$libinit$$0000000E  c_w.l(libinit2.o)
    0x080001c2   0x00000000   Code   RO         4836    .ARM.Collect$$libinit$$00000011  c_w.l(libinit2.o)
    0x080001c2   0x00000000   Code   RO         4838    .ARM.Collect$$libinit$$00000013  c_w.l(libinit2.o)
    0x080001c2   0x00000000   Code   RO         4840    .ARM.Collect$$libinit$$00000015  c_w.l(libinit2.o)
    0x080001c2   0x00000000   Code   RO         4842    .ARM.Collect$$libinit$$00000017  c_w.l(libinit2.o)
    0x080001c2   0x00000000   Code   RO         4844    .ARM.Collect$$libinit$$00000019  c_w.l(libinit2.o)
    0x080001c2   0x00000000   Code   RO         4846    .ARM.Collect$$libinit$$0000001B  c_w.l(libinit2.o)
    0x080001c2   0x00000000   Code   RO         4848    .ARM.Collect$$libinit$$0000001D  c_w.l(libinit2.o)
    0x080001c2   0x00000000   Code   RO         4850    .ARM.Collect$$libinit$$0000001F  c_w.l(libinit2.o)
    0x080001c2   0x00000000   Code   RO         4852    .ARM.Collect$$libinit$$00000021  c_w.l(libinit2.o)
    0x080001c2   0x00000000   Code   RO         4854    .ARM.Collect$$libinit$$00000023  c_w.l(libinit2.o)
    0x080001c2   0x00000000   Code   RO         4856    .ARM.Collect$$libinit$$00000025  c_w.l(libinit2.o)
    0x080001c2   0x00000000   Code   RO         4860    .ARM.Collect$$libinit$$0000002C  c_w.l(libinit2.o)
    0x080001c2   0x00000000   Code   RO         4862    .ARM.Collect$$libinit$$0000002E  c_w.l(libinit2.o)
    0x080001c2   0x00000000   Code   RO         4864    .ARM.Collect$$libinit$$00000030  c_w.l(libinit2.o)
    0x080001c2   0x00000000   Code   RO         4866    .ARM.Collect$$libinit$$00000032  c_w.l(libinit2.o)
    0x080001c2   0x00000002   Code   RO         4867    .ARM.Collect$$libinit$$00000033  c_w.l(libinit2.o)
    0x080001c4   0x00000002   Code   RO         4885    .ARM.Collect$$libshutdown$$00000000  c_w.l(libshutdown.o)
    0x080001c6   0x00000000   Code   RO         4896    .ARM.Collect$$libshutdown$$00000003  c_w.l(libshutdown2.o)
    0x080001c6   0x00000000   Code   RO         4899    .ARM.Collect$$libshutdown$$00000006  c_w.l(libshutdown2.o)
    0x080001c6   0x00000000   Code   RO         4902    .ARM.Collect$$libshutdown$$00000009  c_w.l(libshutdown2.o)
    0x080001c6   0x00000000   Code   RO         4904    .ARM.Collect$$libshutdown$$0000000B  c_w.l(libshutdown2.o)
    0x080001c6   0x00000000   Code   RO         4907    .ARM.Collect$$libshutdown$$0000000E  c_w.l(libshutdown2.o)
    0x080001c6   0x00000002   Code   RO         4908    .ARM.Collect$$libshutdown$$0000000F  c_w.l(libshutdown2.o)
    0x080001c8   0x00000000   Code   RO         4773    .ARM.Collect$$rtentry$$00000000  c_w.l(__rtentry.o)
    0x080001c8   0x00000000   Code   RO         4786    .ARM.Collect$$rtentry$$00000002  c_w.l(__rtentry2.o)
    0x080001c8   0x00000006   Code   RO         4798    .ARM.Collect$$rtentry$$00000004  c_w.l(__rtentry4.o)
    0x080001ce   0x00000000   Code   RO         4788    .ARM.Collect$$rtentry$$00000009  c_w.l(__rtentry2.o)
    0x080001ce   0x00000004   Code   RO         4789    .ARM.Collect$$rtentry$$0000000A  c_w.l(__rtentry2.o)
    0x080001d2   0x00000000   Code   RO         4791    .ARM.Collect$$rtentry$$0000000C  c_w.l(__rtentry2.o)
    0x080001d2   0x00000008   Code   RO         4792    .ARM.Collect$$rtentry$$0000000D  c_w.l(__rtentry2.o)
    0x080001da   0x00000002   Code   RO         4821    .ARM.Collect$$rtexit$$00000000  c_w.l(rtexit.o)
    0x080001dc   0x00000000   Code   RO         4869    .ARM.Collect$$rtexit$$00000002  c_w.l(rtexit2.o)
    0x080001dc   0x00000004   Code   RO         4870    .ARM.Collect$$rtexit$$00000003  c_w.l(rtexit2.o)
    0x080001e0   0x00000006   Code   RO         4871    .ARM.Collect$$rtexit$$00000004  c_w.l(rtexit2.o)
    0x080001e6   0x00000002   PAD
    0x080001e8   0x00000040   Code   RO         4691    .text               startup_stm32f103xe.o
    0x08000228   0x00000002   Code   RO         4697    .text               c_w.l(use_no_semi_2.o)
    0x0800022a   0x00000026   Code   RO         4699    .text               c_w.l(llushr.o)
    0x08000250   0x00000018   Code   RO         4703    .text               c_w.l(noretval__2printf.o)
    0x08000268   0x0000004e   Code   RO         4707    .text               c_w.l(_printf_pad.o)
    0x080002b6   0x00000052   Code   RO         4709    .text               c_w.l(_printf_str.o)
    0x08000308   0x00000078   Code   RO         4711    .text               c_w.l(_printf_dec.o)
    0x08000380   0x00000058   Code   RO         4716    .text               c_w.l(_printf_hex_int.o)
    0x080003d8   0x00000138   Code   RO         4746    .text               c_w.l(__printf_flags_wp.o)
    0x08000510   0x00000058   Code   RO         4759    .text               c_w.l(memcmp.o)
    0x08000568   0x0000008a   Code   RO         4761    .text               c_w.l(rt_memcpy_v6.o)
    0x080005f2   0x00000010   Code   RO         4763    .text               c_w.l(aeabi_memset.o)
    0x08000602   0x0000004e   Code   RO         4765    .text               c_w.l(rt_memclr_w.o)
    0x08000650   0x00000006   Code   RO         4767    .text               c_w.l(heapauxi.o)
    0x08000656   0x00000002   Code   RO         4771    .text               c_w.l(use_no_semi.o)
    0x08000658   0x000000b2   Code   RO         4774    .text               c_w.l(_printf_intcommon.o)
    0x0800070a   0x0000002c   Code   RO         4776    .text               c_w.l(_printf_char.o)
    0x08000736   0x00000002   PAD
    0x08000738   0x00000024   Code   RO         4778    .text               c_w.l(_printf_char_file.o)
    0x0800075c   0x00000064   Code   RO         4781    .text               c_w.l(rt_memcpy_w.o)
    0x080007c0   0x00000044   Code   RO         4783    .text               c_w.l(rt_memclr.o)
    0x08000804   0x00000030   Code   RO         4800    .text               c_w.l(_printf_char_common.o)
    0x08000834   0x00000008   Code   RO         4802    .text               c_w.l(ferror.o)
    0x0800083c   0x0000004a   Code   RO         4806    .text               c_w.l(sys_stackheap_outer.o)
    0x08000886   0x0000000c   Code   RO         4810    .text               c_w.l(exit.o)
    0x08000892   0x00000002   PAD
    0x08000894   0x00000008   Code   RO         4818    .text               c_w.l(libspace.o)
    0x0800089c   0x0000000c   Code   RO            4    i.DMA2_Channel3_IRQHandler  main.o
    0x080008a8   0x0000000c   Code   RO            5    i.DMA2_Channel4_5_IRQHandler  main.o
    0x080008b4   0x0000002a   Code   RO         1163    i.DMA_SetConfig     stm32f1xx_hal_dma.o
    0x080008de   0x00000002   PAD
    0x080008e0   0x00000068   Code   RO         1433    i.FLASH_MassErase   stm32f1xx_hal_flash_ex.o
    0x08000948   0x00000024   Code   RO         1440    i.FLASH_PageErase   stm32f1xx_hal_flash_ex.o
    0x0800096c   0x0000001c   Code   RO         1330    i.FLASH_Program_HalfWord  stm32f1xx_hal_flash.o
    0x08000988   0x0000005c   Code   RO         1331    i.FLASH_SetErrorCode  stm32f1xx_hal_flash.o
    0x080009e4   0x00000054   Code   RO         1332    i.FLASH_WaitForLastOperation  stm32f1xx_hal_flash.o
    0x08000a38   0x00000046   Code   RO         1164    i.HAL_DMA_Abort     stm32f1xx_hal_dma.o
    0x08000a7e   0x00000002   PAD
    0x08000a80   0x00000130   Code   RO         1165    i.HAL_DMA_Abort_IT  stm32f1xx_hal_dma.o
    0x08000bb0   0x00000004   Code   RO         1167    i.HAL_DMA_GetError  stm32f1xx_hal_dma.o
    0x08000bb4   0x00000248   Code   RO         1169    i.HAL_DMA_IRQHandler  stm32f1xx_hal_dma.o
    0x08000dfc   0x000001a8   Code   RO         1170    i.HAL_DMA_Init      stm32f1xx_hal_dma.o
    0x08000fa4   0x000000c4   Code   RO         1174    i.HAL_DMA_Start_IT  stm32f1xx_hal_dma.o
    0x08001068   0x00000020   Code   RO          397    i.HAL_DeInit        stm32f1xx_hal.o
    0x08001088   0x00000024   Code   RO          398    i.HAL_Delay         stm32f1xx_hal.o
    0x080010ac   0x00000178   Code   RO         1441    i.HAL_FLASHEx_Erase  stm32f1xx_hal_flash_ex.o
    0x08001224   0x00000014   Code   RO         1336    i.HAL_FLASH_Lock    stm32f1xx_hal_flash.o
    0x08001238   0x00000100   Code   RO         1341    i.HAL_FLASH_Program  stm32f1xx_hal_flash.o
    0x08001338   0x00000028   Code   RO         1343    i.HAL_FLASH_Unlock  stm32f1xx_hal_flash.o
    0x08001360   0x00000340   Code   RO         1531    i.HAL_GPIO_Init     stm32f1xx_hal_gpio.o
    0x080016a0   0x0000000c   Code   RO          402    i.HAL_GetTick       stm32f1xx_hal.o
    0x080016ac   0x000000d4   Code   RO         2062    i.HAL_IWDG_Init     stm32f1xx_hal_iwdg.o
    0x08001780   0x0000000c   Code   RO         2063    i.HAL_IWDG_Refresh  stm32f1xx_hal_iwdg.o
    0x0800178c   0x00000010   Code   RO          408    i.HAL_IncTick       stm32f1xx_hal.o
    0x0800179c   0x00000024   Code   RO          409    i.HAL_Init          stm32f1xx_hal.o
    0x080017c0   0x00000040   Code   RO          410    i.HAL_InitTick      stm32f1xx_hal.o
    0x08001800   0x00000002   Code   RO          411    i.HAL_MspDeInit     stm32f1xx_hal.o
    0x08001802   0x00000002   Code   RO          412    i.HAL_MspInit       stm32f1xx_hal.o
    0x08001804   0x00000060   Code   RO          987    i.HAL_NVIC_DisableIRQ  stm32f1xx_hal_cortex.o
    0x08001864   0x00000058   Code   RO          988    i.HAL_NVIC_EnableIRQ  stm32f1xx_hal_cortex.o
    0x080018bc   0x00000094   Code   RO          994    i.HAL_NVIC_SetPriority  stm32f1xx_hal_cortex.o
    0x08001950   0x00000074   Code   RO          995    i.HAL_NVIC_SetPriorityGrouping  stm32f1xx_hal_cortex.o
    0x080019c4   0x00000020   Code   RO         2225    i.HAL_RCC_GetPCLK1Freq  stm32f1xx_hal_rcc.o
    0x080019e4   0x00000020   Code   RO         2226    i.HAL_RCC_GetPCLK2Freq  stm32f1xx_hal_rcc.o
    0x08001a04   0x00000028   Code   RO          999    i.HAL_SYSTICK_Config  stm32f1xx_hal_cortex.o
    0x08001a2c   0x00000002   Code   RO         3960    i.HAL_UARTEx_RxEventCallback  stm32f1xx_hal_uart.o
    0x08001a2e   0x0000009c   Code   RO         3961    i.HAL_UART_Abort    stm32f1xx_hal_uart.o
    0x08001aca   0x00000002   PAD
    0x08001acc   0x00000054   Code   RO            6    i.HAL_UART_ErrorCallback  main.o
    0x08001b20   0x0000020c   Code   RO         3977    i.HAL_UART_IRQHandler  stm32f1xx_hal_uart.o
    0x08001d2c   0x0000011c   Code   RO         3978    i.HAL_UART_Init     stm32f1xx_hal_uart.o
    0x08001e48   0x00000002   Code   RO         3980    i.HAL_UART_MspInit  stm32f1xx_hal_uart.o
    0x08001e4a   0x00000002   PAD
    0x08001e4c   0x000000c0   Code   RO         3981    i.HAL_UART_Receive  stm32f1xx_hal_uart.o
    0x08001f0c   0x0000002a   Code   RO         3982    i.HAL_UART_Receive_DMA  stm32f1xx_hal_uart.o
    0x08001f36   0x00000002   PAD
    0x08001f38   0x00000068   Code   RO            7    i.HAL_UART_RxCpltCallback  main.o
    0x08001fa0   0x00000002   Code   RO         3985    i.HAL_UART_RxHalfCpltCallback  stm32f1xx_hal_uart.o
    0x08001fa2   0x00000002   PAD
    0x08001fa4   0x000000b2   Code   RO         3986    i.HAL_UART_Transmit  stm32f1xx_hal_uart.o
    0x08002056   0x00000002   PAD
    0x08002058   0x00000080   Code   RO         3987    i.HAL_UART_Transmit_DMA  stm32f1xx_hal_uart.o
    0x080020d8   0x00000004   Code   RO            8    i.HAL_UART_TxCpltCallback  main.o
    0x080020dc   0x00000002   Code   RO         3990    i.HAL_UART_TxHalfCpltCallback  stm32f1xx_hal_uart.o
    0x080020de   0x00000002   PAD
    0x080020e0   0x00000024   Code   RO          296    i.HardFault_Handler  common.o
    0x08002104   0x00000004   Code   RO          297    i.SysTick_Handler   common.o
    0x08002108   0x00000068   Code   RO         4562    i.SystemCoreClockUpdate  system_stm32f1xx.o
    0x08002170   0x00000002   Code   RO         4563    i.SystemInit        system_stm32f1xx.o
    0x08002172   0x00000002   PAD
    0x08002174   0x0000000c   Code   RO            9    i.UART4_IRQHandler  main.o
    0x08002180   0x00000010   Code   RO         3991    i.UART_DMAAbortOnError  stm32f1xx_hal_uart.o
    0x08002190   0x0000004a   Code   RO         3992    i.UART_DMAError     stm32f1xx_hal_uart.o
    0x080021da   0x0000005a   Code   RO         3993    i.UART_DMAReceiveCplt  stm32f1xx_hal_uart.o
    0x08002234   0x0000001a   Code   RO         3995    i.UART_DMARxHalfCplt  stm32f1xx_hal_uart.o
    0x0800224e   0x0000002e   Code   RO         3997    i.UART_DMATransmitCplt  stm32f1xx_hal_uart.o
    0x0800227c   0x0000000a   Code   RO         3999    i.UART_DMATxHalfCplt  stm32f1xx_hal_uart.o
    0x08002286   0x00000030   Code   RO         4001    i.UART_EndRxTransfer  stm32f1xx_hal_uart.o
    0x080022b6   0x00000012   Code   RO         4002    i.UART_EndTxTransfer  stm32f1xx_hal_uart.o
    0x080022c8   0x000000b6   Code   RO         4003    i.UART_Receive_IT   stm32f1xx_hal_uart.o
    0x0800237e   0x00000002   PAD
    0x08002380   0x00000140   Code   RO         4004    i.UART_SetConfig    stm32f1xx_hal_uart.o
    0x080024c0   0x00000070   Code   RO         4005    i.UART_Start_Receive_DMA  stm32f1xx_hal_uart.o
    0x08002530   0x00000064   Code   RO         4007    i.UART_WaitOnFlagUntilTimeout  stm32f1xx_hal_uart.o
    0x08002594   0x00000020   Code   RO         1001    i.__NVIC_SetPriority  stm32f1xx_hal_cortex.o
    0x080025b4   0x0000000e   Code   RO         4744    i._is_digit         c_w.l(__printf_wp.o)
    0x080025c2   0x00000002   PAD
    0x080025c4   0x0000002c   Code   RO          298    i._sys_exit         common.o
    0x080025f0   0x00000034   Code   RO          299    i._ttywrch          common.o
    0x08002624   0x00000034   Code   RO          300    i.assert_failed     common.o
    0x08002658   0x0000003a   Code   RO           10    i.calc_crc8         main.o
    0x08002692   0x00000002   PAD
    0x08002694   0x00000080   Code   RO           11    i.dfu_dma_init      main.o
    0x08002714   0x000001d4   Code   RO           12    i.dfu_process       main.o
    0x080028e8   0x000000bc   Code   RO           13    i.dfu_process_crc_config  main.o
    0x080029a4   0x00000384   Code   RO           14    i.dfu_process_firmware_download  main.o
    0x08002d28   0x00000098   Code   RO           15    i.dfu_start_transfer  main.o
    0x08002dc0   0x0000001c   Code   RO          302    i.fputc             common.o
    0x08002ddc   0x00000134   Code   RO           16    i.jump_to_application  main.o
    0x08002f10   0x00000128   Code   RO           17    i.main              main.o
    0x08003038   0x0000000c   Code   RO          303    i.printf_enable     common.o
    0x08003044   0x000000d4   Code   RO          304    i.usart_init        common.o
    0x08003118   0x0000000e   Data   RO          306    .constdata          common.o
    0x08003126   0x00000010   Data   RO         4564    .constdata          system_stm32f1xx.o
    0x08003136   0x00000008   Data   RO         4565    .constdata          system_stm32f1xx.o
    0x0800313e   0x00000028   Data   RO         4717    .constdata          c_w.l(_printf_hex_int.o)
    0x08003166   0x00000011   Data   RO         4747    .constdata          c_w.l(__printf_flags_wp.o)
    0x08003177   0x00000001   PAD
    0x08003178   0x00000020   Data   RO         4938    Region$$Table       anon$$obj.o


    Execution Region RW_IRAM1 (Base: 0x20000000, Size: 0x00004e08, Max: 0x00010000, ABSOLUTE)

    Base Addr    Size         Type   Attr      Idx    E Section Name        Object

    0x20000000   0x00000010   Data   RW           21    .data               main.o
    0x20000010   0x00000004   Data   RW          307    .data               common.o
    0x20000014   0x00000004   Data   RW          309    .data               common.o
    0x20000018   0x0000000c   Data   RW          416    .data               stm32f1xx_hal.o
    0x20000024   0x00000004   Data   RW         4566    .data               system_stm32f1xx.o
    0x20000028   0x000046d6   Zero   RW           19    .bss                main.o
    0x200046fe   0x00000002   PAD
    0x20004700   0x00000088   Zero   RW          305    .bss                common.o
    0x20004788   0x00000020   Zero   RW         1344    .bss                stm32f1xx_hal_flash.o
    0x200047a8   0x00000060   Zero   RW         4819    .bss                c_w.l(libspace.o)
    0x20004808   0x00000200   Zero   RW         4689    HEAP                startup_stm32f103xe.o
    0x20004a08   0x00000400   Zero   RW         4688    STACK               startup_stm32f103xe.o



  Load Region LR$$.ARM.__AT_0x08004804 (Base: 0x08004804, Size: 0x00000004, Max: 0x00000004, ABSOLUTE)

    Execution Region ER$$.ARM.__AT_0x08004804 (Base: 0x08004804, Size: 0x00000004, Max: 0x00000004, ABSOLUTE, UNINIT)

    Base Addr    Size         Type   Attr      Idx    E Section Name        Object

    0x08004804   0x00000004   Data   RO           18    .ARM.__AT_0x08004804  main.o


==============================================================================

Image component sizes


      Code (inc. data)   RO Data    RW Data    ZI Data      Debug   Object Name

       440        126         14          8        136       6550   common.o
      2726        822          4         16      18134     434621   main.o
        64         26        304          0       1536        844   startup_stm32f103xe.o
       200         34          0         12          0      74648   stm32f1xx_hal.o
       520        208          0          0          0      29477   stm32f1xx_hal_cortex.o
      1624        144          0          0          0       5401   stm32f1xx_hal_dma.o
       520        110          0          0         32       4610   stm32f1xx_hal_flash.o
       516        148          0          0          0       2877   stm32f1xx_hal_flash_ex.o
       832        124          0          0          0       2104   stm32f1xx_hal_gpio.o
       224         54          0          0          0       1843   stm32f1xx_hal_iwdg.o
        64         24          0          0          0       1808   stm32f1xx_hal_rcc.o
      2554        156          0          0          0      16242   stm32f1xx_hal_uart.o
       106         22         24          4          0       1939   system_stm32f1xx.o

    ----------------------------------------------------------------------
     10412       1998        378         40      19840     582964   Object Totals
         0          0         32          0          0          0   (incl. Generated)
        22          0          0          0          2          0   (incl. Padding)

    ----------------------------------------------------------------------

      Code (inc. data)   RO Data    RW Data    ZI Data      Debug   Library Member Name

         8          0          0          0          0         68   __main.o
       312          4         17          0          0         92   __printf_flags_wp.o
        14          0          0          0          0         68   __printf_wp.o
         0          0          0          0          0          0   __rtentry.o
        12          0          0          0          0          0   __rtentry2.o
         6          0          0          0          0          0   __rtentry4.o
        52          8          0          0          0          0   __scatter.o
        26          0          0          0          0          0   __scatter_copy.o
        28          0          0          0          0          0   __scatter_zi.o
        44          0          0          0          0        108   _printf_char.o
        48          6          0          0          0         96   _printf_char_common.o
        36          4          0          0          0         80   _printf_char_file.o
         6          0          0          0          0          0   _printf_d.o
       120         16          0          0          0         92   _printf_dec.o
        88          4         40          0          0         88   _printf_hex_int.o
       178          0          0          0          0         88   _printf_intcommon.o
        78          0          0          0          0        108   _printf_pad.o
         0          0          0          0          0          0   _printf_percent.o
         4          0          0          0          0          0   _printf_percent_end.o
         6          0          0          0          0          0   _printf_s.o
        82          0          0          0          0         80   _printf_str.o
         6          0          0          0          0          0   _printf_u.o
         6          0          0          0          0          0   _printf_x.o
        16          0          0          0          0         68   aeabi_memset.o
        12          0          0          0          0         72   exit.o
         8          0          0          0          0         68   ferror.o
         6          0          0          0          0        152   heapauxi.o
         2          0          0          0          0          0   libinit.o
         2          0          0          0          0          0   libinit2.o
         2          0          0          0          0          0   libshutdown.o
         2          0          0          0          0          0   libshutdown2.o
         8          4          0          0         96         68   libspace.o
        38          0          0          0          0         68   llushr.o
        88          0          0          0          0         76   memcmp.o
        24          4          0          0          0         84   noretval__2printf.o
        68          0          0          0          0         68   rt_memclr.o
        78          0          0          0          0         80   rt_memclr_w.o
       138          0          0          0          0         68   rt_memcpy_v6.o
       100          0          0          0          0         80   rt_memcpy_w.o
         2          0          0          0          0          0   rtexit.o
        10          0          0          0          0          0   rtexit2.o
        74          0          0          0          0         80   sys_stackheap_outer.o
         2          0          0          0          0         68   use_no_semi.o
         2          0          0          0          0         68   use_no_semi_2.o

    ----------------------------------------------------------------------
      1852         50         58          0         96       2136   Library Totals
        10          0          1          0          0          0   (incl. Padding)

    ----------------------------------------------------------------------

      Code (inc. data)   RO Data    RW Data    ZI Data      Debug   Library Name

      1842         50         57          0         96       2136   c_w.l

    ----------------------------------------------------------------------
      1852         50         58          0         96       2136   Library Totals

    ----------------------------------------------------------------------

==============================================================================


      Code (inc. data)   RO Data    RW Data    ZI Data      Debug   

     12264       2048        436         40      19936     579948   Grand Totals
     12264       2048        436         40      19936     579948   ELF Image Totals
     12264       2048        436         40          0          0   ROM Totals

==============================================================================

    Total RO  Size (Code + RO Data)                12700 (  12.40kB)
    Total RW  Size (RW Data + ZI Data)             19976 (  19.51kB)
    Total ROM Size (Code + RO Data + RW Data)      12740 (  12.44kB)

==============================================================================

