<html>
<body>
<pre>
<h1>礦ision Build Log</h1>
<h2>Tool Versions:</h2>
IDE-Version: μVision V5.14.0.0
Copyright (C) 2015 ARM Ltd and ARM Germany GmbH. All rights reserved.
License Information: 2 2, 2, LIC=ATTQ1-CPZLJ-01SP1-CDQHY-AUNXF-A24IP
 
Tool Versions:
Toolchain:       MDK-ARM Standard  Version: 5.14.0.0
Toolchain Path:  C:\Keil_v5\ARM\ARMCC\Bin
C Compiler:      Armcc.exe V5.05 update 1 (build 106)
Assembler:       Armasm.exe V5.05 update 1 (build 106)
Linker/Locator:  ArmLink.exe V5.05 update 1 (build 106)
Library Manager: ArmAr.exe V5.05 update 1 (build 106)
Hex Converter:   FromElf.exe V5.05 update 1 (build 106)
CPU DLL:         SARMCM3.DLL V5.14.0.0
Dialog DLL:      DCM.DLL V1.13.1.0
Target DLL:      Segger\JL2CM3.dll V2.99.13.0
Dialog DLL:      TCM.DLL V1.14.4.0
 
<h2>Project:</h2>
E:\项目\多功能程序烧录器\5. 源码\work\project\多功能程序烧录器3\下位机\烧录器\烧录器工程\app.uvprojx
Project File Date:  03/25/2024

<h2>Output:</h2>
Build target 'Target 1'
compiling main.c...
User\main.c(230): warning:  #520-D: initialization with "{...}" expected for aggregate object
        uint8_t buf[9] = 0;
User\main.c(314): warning:  #69-D: integer conversion resulted in truncation
        TIM4_Init(10000,72000-1);  //定时1s
User\main.c(386): warning:  #188-D: enumerated type mixed with another type
                        if (fpret = f_open(&file, "update.bin", FA_READ) != FR_OK) {
User\main.c(386): warning:  #1293-D: assignment in condition
                        if (fpret = f_open(&file, "update.bin", FA_READ) != FR_OK) {
User\main.c(295): warning:  #177-D: variable "val" was declared but never referenced
        u8 val;
User\main.c(301): warning:  #177-D: variable "buff" was declared but never referenced
        char buff[128] = {0};
User\main.c(302): warning:  #550-D: variable "fpret" was set but never used
        FRESULT fpret = FR_INVALID_PARAMETER;
User\main.c(304): warning:  #550-D: variable "ret" was set but never used
        int ret = -1;
User\main.c: 8 warnings, 0 errors
linking...
Program Size: Code=30446 RO-data=176974 RW-data=100 ZI-data=62052  
FromELF: creating hex file...
".\Obj\app.axf" - 0 Error(s), 8 Warning(s).

<h2>Collection of Component include folders:</h2>
  E:\项目\多功能程序烧录器\5. 源码\work\project\多功能程序烧录器3\下位机\烧录器\烧录器工程\RTE
  C:\Keil_v5\ARM\PACK\Keil\STM32F1xx_DFP\1.0.5\Device\Include

<h2>Collection of Component Files used:</h2>
</pre>
</body>
</html>
