<html>
<body>
<pre>
<h1>礦ision Build Log</h1>
<h2>Tool Versions:</h2>
IDE-Version: μVision V5.14.0.0
Copyright (C) 2015 ARM Ltd and ARM Germany GmbH. All rights reserved.
License Information: 2 2, 2, LIC=ATTQ1-CPZLJ-01SP1-CDQHY-AUNXF-A24IP
 
Tool Versions:
Toolchain:       MDK-ARM Standard  Version: 5.14.0.0
Toolchain Path:  C:\Keil_v5\ARM\ARMCC\Bin
C Compiler:      Armcc.exe V5.05 update 1 (build 106)
Assembler:       Armasm.exe V5.05 update 1 (build 106)
Linker/Locator:  ArmLink.exe V5.05 update 1 (build 106)
Library Manager: ArmAr.exe V5.05 update 1 (build 106)
Hex Converter:   FromElf.exe V5.05 update 1 (build 106)
CPU DLL:         SARMCM3.DLL V5.14.0.0
Dialog DLL:      DCM.DLL V1.13.1.0
Target DLL:      Segger\JL2CM3.dll V2.99.13.0
Dialog DLL:      TCM.DLL V1.14.4.0
 
<h2>Project:</h2>
E:\项目\多功能程序烧录器\5. 源码\work\project\多功能程序烧录器3\下位机\烧录器\烧录器工程\app.uvprojx
Project File Date:  03/22/2024

<h2>Output:</h2>
Build target 'Target 1'
compiling main.c...
User\main.c(143): warning:  #69-D: integer conversion resulted in truncation
        TIM4_Init(10000,72000-1);  //定时1s
User\main.c(125): warning:  #177-D: variable "total" was declared but never referenced
        u32 total, free;
User\main.c(125): warning:  #177-D: variable "free" was declared but never referenced
        u32 total, free;
User\main.c(126): warning:  #177-D: variable "val" was declared but never referenced
        u8 val;
User\main.c(128): warning:  #177-D: variable "oldfreq" was declared but never referenced
        uint32_t oldfreq = 0;
User\main.c(129): warning:  #177-D: variable "curfreq" was declared but never referenced
        uint32_t curfreq = 0;
User\main.c(130): warning:  #177-D: variable "str" was declared but never referenced
        char str[32] = {0};
User\main.c(131): warning:  #177-D: variable "buff" was declared but never referenced
        char buff[128] = {0};
User\main.c(132): warning:  #177-D: variable "bootAddr" was declared but never referenced
        uint32_t bootAddr;
User\main.c(133): warning:  #177-D: variable "bootFlag" was declared but never referenced
        uint8_t *bootFlag = NULL;
User\main.c: 10 warnings, 0 errors
linking...
Program Size: Code=5732 RO-data=1856 RW-data=52 ZI-data=1732  
FromELF: creating hex file...
".\Obj\app.axf" - 0 Error(s), 10 Warning(s).

<h2>Collection of Component include folders:</h2>
  E:\项目\多功能程序烧录器\5. 源码\work\project\多功能程序烧录器3\下位机\烧录器\烧录器工程\RTE
  C:\Keil_v5\ARM\PACK\Keil\STM32F1xx_DFP\1.0.5\Device\Include

<h2>Collection of Component Files used:</h2>
</pre>
</body>
</html>
