<html>
<body>
<pre>
<h1>礦ision Build Log</h1>
<h2>Tool Versions:</h2>
IDE-Version: μVision V5.14.0.0
Copyright (C) 2015 ARM Ltd and ARM Germany GmbH. All rights reserved.
License Information: 2 2, 2, LIC=ATTQ1-CPZLJ-01SP1-CDQHY-AUNXF-A24IP
 
Tool Versions:
Toolchain:       MDK-ARM Standard  Version: 5.14.0.0
Toolchain Path:  C:\Keil_v5\ARM\ARMCC\Bin
C Compiler:      Armcc.exe V5.05 update 1 (build 106)
Assembler:       Armasm.exe V5.05 update 1 (build 106)
Linker/Locator:  ArmLink.exe V5.05 update 1 (build 106)
Library Manager: ArmAr.exe V5.05 update 1 (build 106)
Hex Converter:   FromElf.exe V5.05 update 1 (build 106)
CPU DLL:         SARMCM3.DLL V5.14.0.0
Dialog DLL:      DCM.DLL V1.13.1.0
Target DLL:      Segger\JL2CM3.dll V2.99.13.0
Dialog DLL:      TCM.DLL V1.14.4.0
 
<h2>Project:</h2>
E:\项目\多功能程序烧录器\5. 源码\work\project\多功能程序烧录器\下位机\bootloadr\bootloader.uvprojx
Project File Date:  03/17/2024

<h2>Output:</h2>
Build target 'Target 1'
compiling main.c...
main.c(565): warning:  #177-D: variable "dfuSuccessFlag" was declared but never referenced
    int dfuSuccessFlag = 0;
main.c(485): warning:  #177-D: function "iwdg_init" was declared but never referenced
  static void iwdg_init(void)
main.c: 2 warnings, 0 errors
linking...
Program Size: Code=12056 RO-data=436 RW-data=40 ZI-data=19928  
FromELF: creating hex file...
After Build - User command #1: cmd.exe /C copy /Y .\Objects\bootloader.hex ..\output\hex\bootloader.hex
已复制         1 个文件。
".\Objects\bootloader.axf" - 0 Error(s), 2 Warning(s).

<h2>Collection of Component include folders:</h2>
  E:\项目\多功能程序烧录器\5. 源码\work\project\多功能程序烧录器\下位机\bootloadr\RTE
  C:\Keil_v5\ARM\PACK\Keil\STM32F1xx_DFP\1.0.5\Device\Include

<h2>Collection of Component Files used:</h2>
</pre>
</body>
</html>
