<html>
<body>
<pre>
<h1>礦ision Build Log</h1>
<h2>Tool Versions:</h2>
IDE-Version: μVision V5.14.0.0
Copyright (C) 2015 ARM Ltd and ARM Germany GmbH. All rights reserved.
License Information: 2 2, 2, LIC=ATTQ1-CPZLJ-01SP1-CDQHY-AUNXF-A24IP
 
Tool Versions:
Toolchain:       MDK-ARM Standard  Version: 5.14.0.0
Toolchain Path:  C:\Keil_v5\ARM\ARMCC\Bin
C Compiler:      Armcc.exe V5.05 update 1 (build 106)
Assembler:       Armasm.exe V5.05 update 1 (build 106)
Linker/Locator:  ArmLink.exe V5.05 update 1 (build 106)
Library Manager: ArmAr.exe V5.05 update 1 (build 106)
Hex Converter:   FromElf.exe V5.05 update 1 (build 106)
CPU DLL:         SARMCM3.DLL V5.14.0.0
Dialog DLL:      DCM.DLL V1.13.1.0
Target DLL:      CMSIS_AGDI.dll V1.21.0.0
Dialog DLL:      TCM.DLL V1.14.4.0
 
<h2>Project:</h2>
E:\项目\多功能程序烧录器\5. 源码\work\project\多功能程序烧录器\下位机\app\Template.uvprojx
Project File Date:  03/12/2024

<h2>Output:</h2>
Rebuild target 'Target 1'
compiling main.c...
User\main.c(38): warning:  #177-D: variable "res" was declared but never referenced
        u8 res=0;
User\main.c(39): warning:  #177-D: variable "total" was declared but never referenced
        u32 total, free;
User\main.c(39): warning:  #177-D: variable "free" was declared but never referenced
        u32 total, free;
User\main.c: 3 warnings, 0 errors
compiling stm32f10x_it.c...
assembling startup_stm32f10x_hd.s...
compiling stm32f10x_gpio.c...
compiling stm32f10x_rcc.c...
compiling misc.c...
compiling stm32f10x_exti.c...
compiling stm32f10x_tim.c...
compiling stm32f10x_usart.c...
compiling stm32f10x_iwdg.c...
compiling stm32f10x_wwdg.c...
compiling stm32f10x_bkp.c...
compiling stm32f10x_pwr.c...
compiling stm32f10x_adc.c...
compiling stm32f10x_dac.c...
compiling stm32f10x_dma.c...
compiling stm32f10x_rtc.c...
compiling stm32f10x_can.c...
compiling stm32f10x_fsmc.c...
compiling stm32f10x_spi.c...
compiling stm32f10x_flash.c...
compiling stm32f10x_sdio.c...
compiling system_stm32f10x.c...
compiling core_cm3.c...
compiling led.c...
compiling spi.c...
compiling flash.c...
compiling sd_sdio.c...
compiling oled.c...
compiling pwm.c...
compiling time.c...
compiling system.c...
compiling SysTick.c...
compiling usart.c...
compiling malloc.c...
compiling diskio.c...
compiling ff.c...
compiling fatfs_app.c...
compiling cc936.c...
linking...
Program Size: Code=7552 RO-data=1868 RW-data=64 ZI-data=46272  
FromELF: creating hex file...
".\Obj\Template.axf" - 0 Error(s), 3 Warning(s).

<h2>Collection of Component include folders:</h2>
  E:\项目\多功能程序烧录器\5. 源码\work\project\多功能程序烧录器\下位机\app\RTE
  C:\Keil_v5\ARM\PACK\Keil\STM32F1xx_DFP\1.0.5\Device\Include

<h2>Collection of Component Files used:</h2>
</pre>
</body>
</html>
